Component: ARM Compiler 5.06 update 4 (build 422) Tool: armlink [4d35d2]

==============================================================================

Section Cross References

    main.o(i.TIM2_IRQHandler) refers to stm32f4xx_tim.o(i.TIM_GetITStatus) for TIM_GetITStatus
    main.o(i.TIM2_IRQHandler) refers to stm32f4xx_tim.o(i.TIM_ClearITPendingBit) for TIM_ClearITPendingBit
    main.o(i.TIM2_IRQHandler) refers to mpu6050.o(i.MPU6050_ReadAccelerometer) for MPU6050_ReadAccelerometer
    main.o(i.TIM2_IRQHandler) refers to mpu6050.o(i.MPU6050_ReadGyroscope) for MPU6050_ReadGyroscope
    main.o(i.TIM2_IRQHandler) refers to orientation.o(i.MPU9250_GetGyros) for MPU9250_GetGyros
    main.o(i.TIM2_IRQHandler) refers to quaternion.o(i.Quat_RotateVector) for Quat_RotateVector
    main.o(i.TIM2_IRQHandler) refers to quaternion.o(i.Vector_Normalize) for Vector_Normalize
    main.o(i.TIM2_IRQHandler) refers to quaternion.o(i.Vector_Cross) for Vector_Cross
    main.o(i.TIM2_IRQHandler) refers to quaternion.o(i.Vector_Dot) for Vector_Dot
    main.o(i.TIM2_IRQHandler) refers to acosf.o(i.__hardfp_acosf) for __hardfp_acosf
    main.o(i.TIM2_IRQHandler) refers to quaternion.o(i.Quat_SetAxisAndAngle) for Quat_SetAxisAndAngle
    main.o(i.TIM2_IRQHandler) refers to quaternion.o(i.Quat_Multiply) for Quat_Multiply
    main.o(i.TIM2_IRQHandler) refers to main.o(.bss) for MPU6050_Data0
    main.o(i.TIM2_IRQHandler) refers to main.o(.data) for Acc_Sensivitiy
    main.o(i.main) refers to _printf_percent.o(.ARM.Collect$$_printf_percent$$00000000) for _printf_percent
    main.o(i.main) refers to _printf_d.o(.ARM.Collect$$_printf_percent$$00000009) for _printf_d
    main.o(i.main) refers to _printf_dec.o(.text) for _printf_int_dec
    main.o(i.main) refers to myi2c.o(i.myI2C_Init) for myI2C_Init
    main.o(i.main) refers to myusart.o(i.myUsart_Init) for myUsart_Init
    main.o(i.main) refers to mpu6050.o(i.MPU6050_Init) for MPU6050_Init
    main.o(i.main) refers to mpu6050.o(i.MPUsetXAccelOffset) for MPUsetXAccelOffset
    main.o(i.main) refers to mpu6050.o(i.MPUsetYAccelOffset) for MPUsetYAccelOffset
    main.o(i.main) refers to mpu6050.o(i.MPUsetZAccelOffset) for MPUsetZAccelOffset
    main.o(i.main) refers to mpu6050.o(i.MPUsetXGyroOffset) for MPUsetXGyroOffset
    main.o(i.main) refers to mpu6050.o(i.MPUsetYGyroOffset) for MPUsetYGyroOffset
    main.o(i.main) refers to mpu6050.o(i.MPUsetZGyroOffset) for MPUsetZGyroOffset
    main.o(i.main) refers to quaternion.o(i.Quat_Set) for Quat_Set
    main.o(i.main) refers to quaternion.o(i.Vector_Set) for Vector_Set
    main.o(i.main) refers to flex_reading.o(i.Flex_Init) for Flex_Init
    main.o(i.main) refers to hdd47780.o(i.LCD_Init) for LCD_Init
    main.o(i.main) refers to hdd47780.o(i.LCD_Clear) for LCD_Clear
    main.o(i.main) refers to helper_functions.o(i.Set_Timer) for Set_Timer
    main.o(i.main) refers to noretval__2sprintf.o(.text) for __2sprintf
    main.o(i.main) refers to myusart.o(i.USART_puts) for USART_puts
    main.o(i.main) refers to hdd47780.o(i.LCD_GoTo) for LCD_GoTo
    main.o(i.main) refers to hdd47780.o(i.LCD_SendText) for LCD_SendText
    main.o(i.main) refers to hdd47780.o(i.delay_ms) for delay_ms
    main.o(i.main) refers to main.o(.bss) for Gyro_Frame
    main.o(i.main) refers to main.o(.data) for i
    mpu6050.o(i.MPU6050_Init) refers to myi2c.o(i.I2C_Write) for I2C_Write
    mpu6050.o(i.MPU6050_ReadAccelerometer) refers to myi2c.o(i.I2C_ReadMulti) for I2C_ReadMulti
    mpu6050.o(i.MPU6050_ReadGyroscope) refers to myi2c.o(i.I2C_ReadMulti) for I2C_ReadMulti
    mpu6050.o(i.MPU6050_ReadTemperature) refers to myi2c.o(i.I2C_ReadMulti) for I2C_ReadMulti
    mpu6050.o(i.MPUsetXAccelOffset) refers to myi2c.o(i.I2C_Write) for I2C_Write
    mpu6050.o(i.MPUsetXGyroOffset) refers to myi2c.o(i.I2C_Write) for I2C_Write
    mpu6050.o(i.MPUsetYAccelOffset) refers to myi2c.o(i.I2C_Write) for I2C_Write
    mpu6050.o(i.MPUsetYGyroOffset) refers to myi2c.o(i.I2C_Write) for I2C_Write
    mpu6050.o(i.MPUsetZAccelOffset) refers to myi2c.o(i.I2C_Write) for I2C_Write
    mpu6050.o(i.MPUsetZGyroOffset) refers to myi2c.o(i.I2C_Write) for I2C_Write
    quaternion.o(i.Quat_Inverse) refers to sqrtf.o(i.__hardfp_sqrtf) for __hardfp_sqrtf
    quaternion.o(i.Quat_MagSetAxisAndAngle) refers to sin.o(i.__hardfp_sin) for __hardfp_sin
    quaternion.o(i.Quat_MagSetAxisAndAngle) refers to d2f.o(x$fpl$d2f) for __aeabi_d2f
    quaternion.o(i.Quat_MagSetAxisAndAngle) refers to f2d.o(x$fpl$f2d) for __aeabi_f2d
    quaternion.o(i.Quat_MagSetAxisAndAngle) refers to cos.o(i.__hardfp_cos) for __hardfp_cos
    quaternion.o(i.Quat_Normalize) refers to sqrtf.o(i.__hardfp_sqrtf) for __hardfp_sqrtf
    quaternion.o(i.Quat_RotateVector) refers to quaternion.o(i.Quat_Inverse) for Quat_Inverse
    quaternion.o(i.Quat_RotateVector) refers to quaternion.o(i.Quat_Multiply) for Quat_Multiply
    quaternion.o(i.Quat_SetAxisAndAngle) refers to f2d.o(x$fpl$f2d) for __aeabi_f2d
[...]
    ../mathlib/sqrtf.c                       0x00000000   Number         0  sqrtf_x.o ABSOLUTE
    ../mathlib/sqrtf.c                       0x00000000   Number         0  sqrtf.o ABSOLUTE
    C:\Keil_v5\ARM\PACK\Keil\STM32F4xx_DFP\1.0.8\Device\StdPeriph_Driver\src\misc.c 0x00000000   Number         0  misc.o ABSOLUTE
    C:\Keil_v5\ARM\PACK\Keil\STM32F4xx_DFP\1.0.8\Device\StdPeriph_Driver\src\stm32f4xx_adc.c 0x00000000   Number         0  stm32f4xx_adc.o ABSOLUTE
    C:\Keil_v5\ARM\PACK\Keil\STM32F4xx_DFP\1.0.8\Device\StdPeriph_Driver\src\stm32f4xx_dac.c 0x00000000   Number         0  stm32f4xx_dac.o ABSOLUTE
    C:\Keil_v5\ARM\PACK\Keil\STM32F4xx_DFP\1.0.8\Device\StdPeriph_Driver\src\stm32f4xx_dma.c 0x00000000   Number         0  stm32f4xx_dma.o ABSOLUTE
    C:\Keil_v5\ARM\PACK\Keil\STM32F4xx_DFP\1.0.8\Device\StdPeriph_Driver\src\stm32f4xx_exti.c 0x00000000   Number         0  stm32f4xx_exti.o ABSOLUTE
    C:\Keil_v5\ARM\PACK\Keil\STM32F4xx_DFP\1.0.8\Device\StdPeriph_Driver\src\stm32f4xx_gpio.c 0x00000000   Number         0  stm32f4xx_gpio.o ABSOLUTE
    C:\Keil_v5\ARM\PACK\Keil\STM32F4xx_DFP\1.0.8\Device\StdPeriph_Driver\src\stm32f4xx_i2c.c 0x00000000   Number         0  stm32f4xx_i2c.o ABSOLUTE
    C:\Keil_v5\ARM\PACK\Keil\STM32F4xx_DFP\1.0.8\Device\StdPeriph_Driver\src\stm32f4xx_rcc.c 0x00000000   Number         0  stm32f4xx_rcc.o ABSOLUTE
    C:\Keil_v5\ARM\PACK\Keil\STM32F4xx_DFP\1.0.8\Device\StdPeriph_Driver\src\stm32f4xx_syscfg.c 0x00000000   Number         0  stm32f4xx_syscfg.o ABSOLUTE
    C:\Keil_v5\ARM\PACK\Keil\STM32F4xx_DFP\1.0.8\Device\StdPeriph_Driver\src\stm32f4xx_tim.c 0x00000000   Number         0  stm32f4xx_tim.o ABSOLUTE
    C:\Keil_v5\ARM\PACK\Keil\STM32F4xx_DFP\1.0.8\Device\StdPeriph_Driver\src\stm32f4xx_usart.c 0x00000000   Number         0  stm32f4xx_usart.o ABSOLUTE
    C:\\Keil_v5\\ARM\\PACK\\Keil\\STM32F4xx_DFP\\1.0.8\\Device\\StdPeriph_Driver\\src\\misc.c 0x00000000   Number         0  misc.o ABSOLUTE
    C:\\Keil_v5\\ARM\\PACK\\Keil\\STM32F4xx_DFP\\1.0.8\\Device\\StdPeriph_Driver\\src\\stm32f4xx_adc.c 0x00000000   Number         0  stm32f4xx_adc.o ABSOLUTE
    C:\\Keil_v5\\ARM\\PACK\\Keil\\STM32F4xx_DFP\\1.0.8\\Device\\StdPeriph_Driver\\src\\stm32f4xx_dac.c 0x00000000   Number         0  stm32f4xx_dac.o ABSOLUTE
    C:\\Keil_v5\\ARM\\PACK\\Keil\\STM32F4xx_DFP\\1.0.8\\Device\\StdPeriph_Driver\\src\\stm32f4xx_dma.c 0x00000000   Number         0  stm32f4xx_dma.o ABSOLUTE
    C:\\Keil_v5\\ARM\\PACK\\Keil\\STM32F4xx_DFP\\1.0.8\\Device\\StdPeriph_Driver\\src\\stm32f4xx_exti.c 0x00000000   Number         0  stm32f4xx_exti.o ABSOLUTE
    C:\\Keil_v5\\ARM\\PACK\\Keil\\STM32F4xx_DFP\\1.0.8\\Device\\StdPeriph_Driver\\src\\stm32f4xx_gpio.c 0x00000000   Number         0  stm32f4xx_gpio.o ABSOLUTE
    C:\\Keil_v5\\ARM\\PACK\\Keil\\STM32F4xx_DFP\\1.0.8\\Device\\StdPeriph_Driver\\src\\stm32f4xx_i2c.c 0x00000000   Number         0  stm32f4xx_i2c.o ABSOLUTE
    C:\\Keil_v5\\ARM\\PACK\\Keil\\STM32F4xx_DFP\\1.0.8\\Device\\StdPeriph_Driver\\src\\stm32f4xx_rcc.c 0x00000000   Number         0  stm32f4xx_rcc.o ABSOLUTE
    C:\\Keil_v5\\ARM\\PACK\\Keil\\STM32F4xx_DFP\\1.0.8\\Device\\StdPeriph_Driver\\src\\stm32f4xx_syscfg.c 0x00000000   Number         0  stm32f4xx_syscfg.o ABSOLUTE
    C:\\Keil_v5\\ARM\\PACK\\Keil\\STM32F4xx_DFP\\1.0.8\\Device\\StdPeriph_Driver\\src\\stm32f4xx_tim.c 0x00000000   Number         0  stm32f4xx_tim.o ABSOLUTE
    C:\\Keil_v5\\ARM\\PACK\\Keil\\STM32F4xx_DFP\\1.0.8\\Device\\StdPeriph_Driver\\src\\stm32f4xx_usart.c 0x00000000   Number         0  stm32f4xx_usart.o ABSOLUTE
    Filters.c                                0x00000000   Number         0  filters.o ABSOLUTE
    Flex_Reading.c                           0x00000000   Number         0  flex_reading.o ABSOLUTE
    Flex_Reading.c                           0x00000000   Number         0  flex_reading.o ABSOLUTE
    HDD47780.c                               0x00000000   Number         0  hdd47780.o ABSOLUTE
    HDD47780.c                               0x00000000   Number         0  hdd47780.o ABSOLUTE
    Helper_Functions.c                       0x00000000   Number         0  helper_functions.o ABSOLUTE
    Helper_Functions.c                       0x00000000   Number         0  helper_functions.o ABSOLUTE
    MPU6050.c                                0x00000000   Number         0  mpu6050.o ABSOLUTE
    MPU6050.c                                0x00000000   Number         0  mpu6050.o ABSOLUTE
    Orientation.c                            0x00000000   Number         0  orientation.o ABSOLUTE
    Orientation.c                            0x00000000   Number         0  orientation.o ABSOLUTE
    Quaternion.c                             0x00000000   Number         0  quaternion.o ABSOLUTE
    RTE\Device\STM32F407VG\startup_stm32f40_41xxx.s 0x00000000   Number         0  startup_stm32f40_41xxx.o ABSOLUTE
    RTE\Device\STM32F407VG\system_stm32f4xx.c 0x00000000   Number         0  system_stm32f4xx.o ABSOLUTE
    RTE\\Device\\STM32F407VG\\system_stm32f4xx.c 0x00000000   Number         0  system_stm32f4xx.o ABSOLUTE
    dc.s                                     0x00000000   Number         0  dc.o ABSOLUTE
    main.c                                   0x00000000   Number         0  main.o ABSOLUTE
    main.c                                   0x00000000   Number         0  main.o ABSOLUTE
    myI2C.c                                  0x00000000   Number         0  myi2c.o ABSOLUTE
    myI2C.c                                  0x00000000   Number         0  myi2c.o ABSOLUTE
    myUsart.c                                0x00000000   Number         0  myusart.o ABSOLUTE
    myUsart.c                                0x00000000   Number         0  myusart.o ABSOLUTE
    RESET                                    0x08000000   Section      392  startup_stm32f40_41xxx.o(RESET)
    !!!main                                  0x08000188   Section        8  __main.o(!!!main)
    !!!scatter                               0x08000190   Section       52  __scatter.o(!!!scatter)
    !!handler_copy                           0x080001c4   Section       26  __scatter_copy.o(!!handler_copy)
    !!handler_zi                             0x080001e0   Section       28  __scatter_zi.o(!!handler_zi)
    .ARM.Collect$$_printf_percent$$00000000  0x080001fc   Section        0  _printf_percent.o(.ARM.Collect$$_printf_percent$$00000000)
    .ARM.Collect$$_printf_percent$$00000009  0x080001fc   Section        6  _printf_d.o(.ARM.Collect$$_printf_percent$$00000009)
    .ARM.Collect$$_printf_percent$$00000017  0x08000202   Section        4  _printf_percent_end.o(.ARM.Collect$$_printf_percent$$00000017)
    .ARM.Collect$$libinit$$00000000          0x08000206   Section        2  libinit.o(.ARM.Collect$$libinit$$00000000)
    .ARM.Collect$$libinit$$00000001          0x08000208   Section        4  libinit2.o(.ARM.Collect$$libinit$$00000001)
    .ARM.Collect$$libinit$$00000004          0x0800020c   Section        0  libinit2.o(.ARM.Collect$$libinit$$00000004)
    .ARM.Collect$$libinit$$0000000A          0x0800020c   Section        0  libinit2.o(.ARM.Collect$$libinit$$0000000A)
    .ARM.Collect$$libinit$$0000000C          0x0800020c   Section        0  libinit2.o(.ARM.Collect$$libinit$$0000000C)
    .ARM.Collect$$libinit$$0000000E          0x0800020c   Section        0  libinit2.o(.ARM.Collect$$libinit$$0000000E)
    .ARM.Collect$$libinit$$00000011          0x0800020c   Section        0  libinit2.o(.ARM.Collect$$libinit$$00000011)
    .ARM.Collect$$libinit$$00000013          0x0800020c   Section        0  libinit2.o(.ARM.Collect$$libinit$$00000013)
    .ARM.Collect$$libinit$$00000015          0x0800020c   Section        0  libinit2.o(.ARM.Collect$$libinit$$00000015)
    .ARM.Collect$$libinit$$00000017          0x0800020c   Section        0  libinit2.o(.ARM.Collect$$libinit$$00000017)
    .ARM.Collect$$libinit$$00000019          0x0800020c   Section        0  libinit2.o(.ARM.Collect$$libinit$$00000019)
    .ARM.Collect$$libinit$$0000001B          0x0800020c   Section        0  libinit2.o(.ARM.Collect$$libinit$$0000001B)
    .ARM.Collect$$libinit$$0000001D          0x0800020c   Section        0  libinit2.o(.ARM.Collect$$libinit$$0000001D)
    .ARM.Collect$$libinit$$0000001F          0x0800020c   Section        0  libinit2.o(.ARM.Collect$$libinit$$0000001F)
    .ARM.Collect$$libinit$$00000021          0x0800020c   Section        0  libinit2.o(.ARM.Collect$$libinit$$00000021)
    .ARM.Collect$$libinit$$00000023          0x0800020c   Section        0  libinit2.o(.ARM.Collect$$libinit$$00000023)
    .ARM.Collect$$libinit$$00000025          0x0800020c   Section        0  libinit2.o(.ARM.Collect$$libinit$$00000025)
    .ARM.Collect$$libinit$$0000002C          0x0800020c   Section        0  libinit2.o(.ARM.Collect$$libinit$$0000002C)
    .ARM.Collect$$libinit$$0000002E          0x0800020c   Section        0  libinit2.o(.ARM.Collect$$libinit$$0000002E)
    .ARM.Collect$$libinit$$00000030          0x0800020c   Section        0  libinit2.o(.ARM.Collect$$libinit$$00000030)
    .ARM.Collect$$libinit$$00000032          0x0800020c   Section        0  libinit2.o(.ARM.Collect$$libinit$$00000032)
    .ARM.Collect$$libinit$$00000033          0x0800020c   Section        2  libinit2.o(.ARM.Collect$$libinit$$00000033)
    .ARM.Collect$$libshutdown$$00000000      0x0800020e   Section        2  libshutdown.o(.ARM.Collect$$libshutdown$$00000000)
    .ARM.Collect$$libshutdown$$00000002      0x08000210   Section        0  libshutdown2.o(.ARM.Collect$$libshutdown$$00000002)
    .ARM.Collect$$libshutdown$$00000004      0x08000210   Section        0  libshutdown2.o(.ARM.Collect$$libshutdown$$00000004)
    .ARM.Collect$$libshutdown$$00000007      0x08000210   Section        0  libshutdown2.o(.ARM.Collect$$libshutdown$$00000007)
    .ARM.Collect$$libshutdown$$0000000A      0x08000210   Section        0  libshutdown2.o(.ARM.Collect$$libshutdown$$0000000A)
    .ARM.Collect$$libshutdown$$0000000C      0x08000210   Section        0  libshutdown2.o(.ARM.Collect$$libshutdown$$0000000C)
    .ARM.Collect$$libshutdown$$0000000F      0x08000210   Section        0  libshutdown2.o(.ARM.Collect$$libshutdown$$0000000F)
    .ARM.Collect$$libshutdown$$00000010      0x08000210   Section        2  libshutdown2.o(.ARM.Collect$$libshutdown$$00000010)
    .ARM.Collect$$rtentry$$00000000          0x08000212   Section        0  __rtentry.o(.ARM.Collect$$rtentry$$00000000)
    .ARM.Collect$$rtentry$$00000002          0x08000212   Section        0  __rtentry2.o(.ARM.Collect$$rtentry$$00000002)
    .ARM.Collect$$rtentry$$00000004          0x08000212   Section        6  __rtentry4.o(.ARM.Collect$$rtentry$$00000004)
    .ARM.Collect$$rtentry$$00000009          0x08000218   Section        0  __rtentry2.o(.ARM.Collect$$rtentry$$00000009)
    .ARM.Collect$$rtentry$$0000000A          0x08000218   Section        4  __rtentry2.o(.ARM.Collect$$rtentry$$0000000A)
    .ARM.Collect$$rtentry$$0000000C          0x0800021c   Section        0  __rtentry2.o(.ARM.Collect$$rtentry$$0000000C)
    .ARM.Collect$$rtentry$$0000000D          0x0800021c   Section        8  __rtentry2.o(.ARM.Collect$$rtentry$$0000000D)
    .ARM.Collect$$rtexit$$00000000           0x08000224   Section        2  rtexit.o(.ARM.Collect$$rtexit$$00000000)
    .ARM.Collect$$rtexit$$00000002           0x08000226   Section        0  rtexit2.o(.ARM.Collect$$rtexit$$00000002)
    .ARM.Collect$$rtexit$$00000003           0x08000226   Section        4  rtexit2.o(.ARM.Collect$$rtexit$$00000003)
    .ARM.Collect$$rtexit$$00000004           0x0800022a   Section        6  rtexit2.o(.ARM.Collect$$rtexit$$00000004)
    .text                                    0x08000230   Section       64  startup_stm32f40_41xxx.o(.text)
    $v0                                      0x08000230   Number         0  startup_stm32f40_41xxx.o(.text)
    .text                                    0x08000270   Section        0  noretval__2sprintf.o(.text)
    .text                                    0x08000298   Section        0  __printf.o(.text)
    .text                                    0x08000300   Section        0  _printf_dec.o(.text)
    .text                                    0x08000378   Section        0  heapauxi.o(.text)
    .text                                    0x0800037e   Section        0  _rserrno.o(.text)
    .text                                    0x08000394   Section        0  _printf_intcommon.o(.text)
    .text                                    0x08000448   Section        0  _printf_char_common.o(.text)
    _printf_input_char                       0x08000449   Thumb Code    10  _printf_char_common.o(.text)
    .text                                    0x08000478   Section        0  _sputc.o(.text)
    .text                                    0x08000484   Section        8  rt_errno_addr_intlibspace.o(.text)
    .text                                    0x0800048c   Section        8  libspace.o(.text)
    .text                                    0x08000494   Section       74  sys_stackheap_outer.o(.text)
    .text                                    0x080004de   Section        0  exit.o(.text)
    .text                                    0x080004f0   Section        0  sys_exit.o(.text)
    .text                                    0x080004fc   Section        2  use_no_semi.o(.text)
    .text                                    0x080004fe   Section        0  indicate_semi.o(.text)
    i.ADC_Cmd                                0x080004fe   Section        0  stm32f4xx_adc.o(i.ADC_Cmd)
    i.ADC_CommonInit                         0x08000514   Section        0  stm32f4xx_adc.o(i.ADC_CommonInit)
    i.ADC_DMACmd                             0x08000544   Section        0  stm32f4xx_adc.o(i.ADC_DMACmd)
    i.ADC_DMARequestAfterLastTransferCmd     0x0800055a   Section        0  stm32f4xx_adc.o(i.ADC_DMARequestAfterLastTransferCmd)
    i.ADC_DeInit                             0x08000570   Section        0  stm32f4xx_adc.o(i.ADC_DeInit)
    i.ADC_Init                               0x08000588   Section        0  stm32f4xx_adc.o(i.ADC_Init)
    i.ADC_RegularChannelConfig               0x080005dc   Section        0  stm32f4xx_adc.o(i.ADC_RegularChannelConfig)
    i.ADC_SoftwareStartConv                  0x08000694   Section        0  stm32f4xx_adc.o(i.ADC_SoftwareStartConv)
    i.DMA_Cmd                                0x0800069e   Section        0  stm32f4xx_dma.o(i.DMA_Cmd)
    i.DMA_Init                               0x080006b4   Section        0  stm32f4xx_dma.o(i.DMA_Init)
    i.Flex_Init                              0x0800070c   Section        0  flex_reading.o(i.Flex_Init)
    i.GPIO_Init                              0x08000860   Section        0  stm32f4xx_gpio.o(i.GPIO_Init)
    i.GPIO_PinAFConfig                       0x080008f0   Section        0  stm32f4xx_gpio.o(i.GPIO_PinAFConfig)
    i.GPIO_ReadInputDataBit                  0x08000936   Section        0  stm32f4xx_gpio.o(i.GPIO_ReadInputDataBit)
    i.GPIO_ResetBits                         0x08000948   Section        0  stm32f4xx_gpio.o(i.GPIO_ResetBits)
    i.GPIO_SetBits                           0x0800094c   Section        0  stm32f4xx_gpio.o(i.GPIO_SetBits)
    i.I2C_CheckEvent                         0x08000950   Section        0  stm32f4xx_i2c.o(i.I2C_CheckEvent)
    i.I2C_Cmd                                0x0800097a   Section        0  stm32f4xx_i2c.o(i.I2C_Cmd)
    i.I2C_Init                               0x08000994   Section        0  stm32f4xx_i2c.o(i.I2C_Init)
    i.I2C_ReadAck                            0x08000a7c   Section        0  myi2c.o(i.I2C_ReadAck)
    i.I2C_ReadMulti                          0x08000ac0   Section        0  myi2c.o(i.I2C_ReadMulti)
    i.I2C_ReadNack                           0x08000b18   Section        0  myi2c.o(i.I2C_ReadNack)
    i.I2C_Start                              0x08000b64   Section        0  myi2c.o(i.I2C_Start)
    i.I2C_Stop                               0x08000c14   Section        0  myi2c.o(i.I2C_Stop)
    i.I2C_Write                              0x08000c54   Section        0  myi2c.o(i.I2C_Write)
    i.I2C_WriteData                          0x08000c88   Section        0  myi2c.o(i.I2C_WriteData)
    i.LCD_Clear                              0x08000cb4   Section        0  hdd47780.o(i.LCD_Clear)
    i.LCD_GoTo                               0x08000cbe   Section        0  hdd47780.o(i.LCD_GoTo)
    i.LCD_Init                               0x08000cdc   Section        0  hdd47780.o(i.LCD_Init)
    i.LCD_ReadByte                           0x08000e04   Section        0  hdd47780.o(i.LCD_ReadByte)
    i.LCD_SendByte                           0x08000f4c   Section        0  hdd47780.o(i.LCD_SendByte)
    i.LCD_SendCmd                            0x08001064   Section        0  hdd47780.o(i.LCD_SendCmd)
    i.LCD_SendData                           0x08001084   Section        0  hdd47780.o(i.LCD_SendData)
    i.LCD_SendText                           0x080010a4   Section        0  hdd47780.o(i.LCD_SendText)
    i.MPU6050_Init                           0x080010bc   Section        0  mpu6050.o(i.MPU6050_Init)
    i.MPU6050_ReadAccelerometer              0x080010e8   Section        0  mpu6050.o(i.MPU6050_ReadAccelerometer)
    i.MPU6050_ReadGyroscope                  0x08001134   Section        0  mpu6050.o(i.MPU6050_ReadGyroscope)
    i.MPU9250_GetGyros                       0x08001180   Section        0  orientation.o(i.MPU9250_GetGyros)
    i.MPUsetXAccelOffset                     0x080011c4   Section        0  mpu6050.o(i.MPUsetXAccelOffset)
    i.MPUsetXGyroOffset                      0x080011f0   Section        0  mpu6050.o(i.MPUsetXGyroOffset)
    i.MPUsetYAccelOffset                     0x0800121c   Section        0  mpu6050.o(i.MPUsetYAccelOffset)
    i.MPUsetYGyroOffset                      0x08001248   Section        0  mpu6050.o(i.MPUsetYGyroOffset)
    i.MPUsetZAccelOffset                     0x08001274   Section        0  mpu6050.o(i.MPUsetZAccelOffset)
    i.MPUsetZGyroOffset                      0x080012a0   Section        0  mpu6050.o(i.MPUsetZGyroOffset)
    i.NVIC_Init                              0x080012cc   Section        0  misc.o(i.NVIC_Init)
    i.Quat_Inverse                           0x08001344   Section        0  quaternion.o(i.Quat_Inverse)
    i.Quat_Multiply                          0x080013e0   Section        0  quaternion.o(i.Quat_Multiply)
    i.Quat_Normalize                         0x08001558   Section        0  quaternion.o(i.Quat_Normalize)
    i.Quat_RotateVector                      0x080015dc   Section        0  quaternion.o(i.Quat_RotateVector)
    i.Quat_Set                               0x08001660   Section        0  quaternion.o(i.Quat_Set)
    i.Quat_SetAxisAndAngle                   0x08001674   Section        0  quaternion.o(i.Quat_SetAxisAndAngle)
    i.RCC_AHB1PeriphClockCmd                 0x080017f8   Section        0  stm32f4xx_rcc.o(i.RCC_AHB1PeriphClockCmd)
    i.RCC_APB1PeriphClockCmd                 0x08001818   Section        0  stm32f4xx_rcc.o(i.RCC_APB1PeriphClockCmd)
    i.RCC_APB2PeriphClockCmd                 0x08001838   Section        0  stm32f4xx_rcc.o(i.RCC_APB2PeriphClockCmd)
    i.RCC_APB2PeriphResetCmd                 0x08001858   Section        0  stm32f4xx_rcc.o(i.RCC_APB2PeriphResetCmd)
    i.RCC_GetClocksFreq                      0x08001878   Section        0  stm32f4xx_rcc.o(i.RCC_GetClocksFreq)
    i.SetSysClock                            0x08001960   Section        0  system_stm32f4xx.o(i.SetSysClock)
    SetSysClock                              0x08001961   Thumb Code   220  system_stm32f4xx.o(i.SetSysClock)
    i.Set_Timer                              0x08001a4c   Section        0  helper_functions.o(i.Set_Timer)
    i.SystemInit                             0x08001aac   Section        0  system_stm32f4xx.o(i.SystemInit)
    i.TIM2_IRQHandler                        0x08001b14   Section        0  main.o(i.TIM2_IRQHandler)
    i.TIM_ClearITPendingBit                  0x08001cbc   Section        0  stm32f4xx_tim.o(i.TIM_ClearITPendingBit)
    i.TIM_Cmd                                0x08001cc2   Section        0  stm32f4xx_tim.o(i.TIM_Cmd)
    i.TIM_GetITStatus                        0x08001cda   Section        0  stm32f4xx_tim.o(i.TIM_GetITStatus)
    i.TIM_ITConfig                           0x08001cfc   Section        0  stm32f4xx_tim.o(i.TIM_ITConfig)
    i.TIM_TimeBaseInit                       0x08001d10   Section        0  stm32f4xx_tim.o(i.TIM_TimeBaseInit)
    i.USART_Cmd                              0x08001d94   Section        0  stm32f4xx_usart.o(i.USART_Cmd)
    i.USART_Init                             0x08001dac   Section        0  stm32f4xx_usart.o(i.USART_Init)
    i.USART_SendData                         0x08001e80   Section        0  stm32f4xx_usart.o(i.USART_SendData)
    i.USART_puts                             0x08001e88   Section        0  myusart.o(i.USART_puts)
    i.Vector_Cross                           0x08001eb0   Section        0  quaternion.o(i.Vector_Cross)
    i.Vector_Dot                             0x08001f06   Section        0  quaternion.o(i.Vector_Dot)
    i.Vector_Length                          0x08001f2c   Section        0  quaternion.o(i.Vector_Length)
    i.Vector_Normalize                       0x08001f68   Section        0  quaternion.o(i.Vector_Normalize)
    i.Vector_Set                             0x08001faa   Section        0  quaternion.o(i.Vector_Set)
    i.__ARM_fpclassify                       0x08001fb8   Section        0  fpclassify.o(i.__ARM_fpclassify)
    i.__hardfp_acosf                         0x08001fe8   Section        0  acosf.o(i.__hardfp_acosf)
    i.__hardfp_cos                           0x08002100   Section        0  cos.o(i.__hardfp_cos)
    i.__hardfp_sin                           0x080021c8   Section        0  sin.o(i.__hardfp_sin)
    i.__hardfp_sqrt                          0x08002290   Section        0  sqrt.o(i.__hardfp_sqrt)
    i.__hardfp_sqrtf                         0x0800230a   Section        0  sqrtf.o(i.__hardfp_sqrtf)
    i.__ieee754_rem_pio2                     0x08002348   Section        0  rred.o(i.__ieee754_rem_pio2)
    i.__kernel_cos                           0x08002780   Section        0  cos_i.o(i.__kernel_cos)
    i.__kernel_poly                          0x080028f0   Section        0  poly.o(i.__kernel_poly)
    i.__kernel_sin                           0x080029e8   Section        0  sin_i.o(i.__kernel_sin)
    i.__mathlib_dbl_infnan                   0x08002b18   Section        0  dunder.o(i.__mathlib_dbl_infnan)
    i.__mathlib_dbl_invalid                  0x08002b30   Section        0  dunder.o(i.__mathlib_dbl_invalid)
    i.__mathlib_dbl_underflow                0x08002b50   Section        0  dunder.o(i.__mathlib_dbl_underflow)
    i.__mathlib_flt_infnan                   0x08002b70   Section        0  funder.o(i.__mathlib_flt_infnan)
    i.__mathlib_flt_invalid                  0x08002b78   Section        0  funder.o(i.__mathlib_flt_invalid)
    i.delay_ms                               0x08002b88   Section        0  hdd47780.o(i.delay_ms)
    i.delay_us                               0x08002b9c   Section        0  hdd47780.o(i.delay_us)
    i.fabs                                   0x08002bac   Section        0  fabs.o(i.fabs)
    i.main                                   0x08002bc4   Section        0  main.o(i.main)
    i.myI2C_Init                             0x08002d4c   Section        0  myi2c.o(i.myI2C_Init)
    i.myUsart_Init                           0x08002ddc   Section        0  myusart.o(i.myUsart_Init)
    i.sqrtf                                  0x08002e58   Section        0  sqrtf.o(i.sqrtf)
    x$fpl$basic                              0x08002e96   Section       24  basic.o(x$fpl$basic)
    $v0                                      0x08002e96   Number         0  basic.o(x$fpl$basic)
    x$fpl$d2f                                0x08002eb0   Section       98  d2f.o(x$fpl$d2f)
    $v0                                      0x08002eb0   Number         0  d2f.o(x$fpl$d2f)
    x$fpl$dadd                               0x08002f14   Section      336  daddsub_clz.o(x$fpl$dadd)
    $v0                                      0x08002f14   Number         0  daddsub_clz.o(x$fpl$dadd)
    _dadd1                                   0x08002f25   Thumb Code     0  daddsub_clz.o(x$fpl$dadd)
    x$fpl$ddiv                               0x08003064   Section      688  ddiv.o(x$fpl$ddiv)
    $v0                                      0x08003064   Number         0  ddiv.o(x$fpl$ddiv)
    ddiv_entry                               0x0800306b   Thumb Code     0  ddiv.o(x$fpl$ddiv)
    x$fpl$dfix                               0x08003314   Section       94  dfix.o(x$fpl$dfix)
    $v0                                      0x08003314   Number         0  dfix.o(x$fpl$dfix)
    x$fpl$dflt                               0x08003372   Section       46  dflt_clz.o(x$fpl$dflt)
    $v0                                      0x08003372   Number         0  dflt_clz.o(x$fpl$dflt)
    x$fpl$dfltu                              0x080033a0   Section       38  dflt_clz.o(x$fpl$dfltu)
    $v0                                      0x080033a0   Number         0  dflt_clz.o(x$fpl$dfltu)
    x$fpl$dmul                               0x080033c8   Section      340  dmul.o(x$fpl$dmul)
    $v0                                      0x080033c8   Number         0  dmul.o(x$fpl$dmul)
    x$fpl$dnaninf                            0x0800351c   Section      156  dnaninf.o(x$fpl$dnaninf)
    $v0                                      0x0800351c   Number         0  dnaninf.o(x$fpl$dnaninf)
    x$fpl$dretinf                            0x080035b8   Section       12  dretinf.o(x$fpl$dretinf)
    $v0                                      0x080035b8   Number         0  dretinf.o(x$fpl$dretinf)
    x$fpl$drsb                               0x080035c4   Section       22  daddsub_clz.o(x$fpl$drsb)
    $v0                                      0x080035c4   Number         0  daddsub_clz.o(x$fpl$drsb)
    x$fpl$dsqrt                              0x080035dc   Section      408  dsqrt_umaal.o(x$fpl$dsqrt)
    $v0                                      0x080035dc   Number         0  dsqrt_umaal.o(x$fpl$dsqrt)
    x$fpl$dsub                               0x08003774   Section      468  daddsub_clz.o(x$fpl$dsub)
    $v0                                      0x08003774   Number         0  daddsub_clz.o(x$fpl$dsub)
    _dsub1                                   0x08003785   Thumb Code     0  daddsub_clz.o(x$fpl$dsub)
    x$fpl$f2d                                0x08003948   Section       86  f2d.o(x$fpl$f2d)
    $v0                                      0x08003948   Number         0  f2d.o(x$fpl$f2d)
    x$fpl$fnaninf                            0x0800399e   Section      140  fnaninf.o(x$fpl$fnaninf)
    $v0                                      0x0800399e   Number         0  fnaninf.o(x$fpl$fnaninf)
    x$fpl$fpinit                             0x08003a2a   Section       10  fpinit.o(x$fpl$fpinit)
    $v0                                      0x08003a2a   Number         0  fpinit.o(x$fpl$fpinit)
    x$fpl$fretinf                            0x08003a34   Section       10  fretinf.o(x$fpl$fretinf)
    $v0                                      0x08003a34   Number         0  fretinf.o(x$fpl$fretinf)
    .constdata                               0x08003a3e   Section       64  hdd47780.o(.constdata)
    x$fpl$usenofp                            0x08003a3e   Section        0  usenofp.o(x$fpl$usenofp)
    .constdata                               0x08003a80   Section       48  cos_i.o(.constdata)
    C                                        0x08003a80   Data          48  cos_i.o(.constdata)
    .constdata                               0x08003ab0   Section      200  rred.o(.constdata)
    pio2s                                    0x08003ab0   Data          48  rred.o(.constdata)
    twooverpi                                0x08003ae0   Data         152  rred.o(.constdata)
    .constdata                               0x08003b78   Section       40  sin_i.o(.constdata)
    S                                        0x08003b78   Data          40  sin_i.o(.constdata)
    .data                                    0x20000000   Section       28  main.o(.data)
    .data                                    0x2000001c   Section        4  myi2c.o(.data)
    I2C_Timeout                              0x2000001c   Data           4  myi2c.o(.data)
    .data                                    0x20000020   Section       16  stm32f4xx_rcc.o(.data)
    APBAHBPrescTable                         0x20000020   Data          16  stm32f4xx_rcc.o(.data)
    .bss                                     0x20000030   Section      260  main.o(.bss)
    .bss                                     0x20000134   Section       96  libspace.o(.bss)
    HEAP                                     0x20000198   Section      512  startup_stm32f40_41xxx.o(HEAP)
    Heap_Mem                                 0x20000198   Data         512  startup_stm32f40_41xxx.o(HEAP)
    STACK                                    0x20000398   Section     1024  startup_stm32f40_41xxx.o(STACK)
    Stack_Mem                                0x20000398   Data        1024  startup_stm32f40_41xxx.o(STACK)
    __initial_sp                             0x20000798   Data           0  startup_stm32f40_41xxx.o(STACK)

    Global Symbols

    Symbol Name                              Value     Ov Type        Size  Object(Section)

    BuildAttributes$$THM_ISAv4$E$P$D$K$B$S$7EM$VFPi3$EXTD16$VFPS$VFMA$PE$A:L22UL41UL21$X:L11$S22US41US21$IEEE1$IW$USESV6$~STKCKD$USESV7$~SHL$OTIME$ROPI$IEEEX$EBA8$UX$STANDARDLIB$REQ8$PRES8$EABIv2 0x00000000   Number         0  anon$$obj.o ABSOLUTE
    __ARM_use_no_argv                        0x00000000   Number         0  main.o ABSOLUTE
    __ARM_exceptions_init                     - Undefined Weak Reference
    __alloca_initialize                       - Undefined Weak Reference
    __arm_preinit_                            - Undefined Weak Reference
    __cpp_initialize__aeabi_                  - Undefined Weak Reference
    __cxa_finalize                            - Undefined Weak Reference
    __rt_locale                               - Undefined Weak Reference
    __sigvec_lookup                           - Undefined Weak Reference
    _atexit_init                              - Undefined Weak Reference
    _call_atexit_fns                          - Undefined Weak Reference
    _clock_init                               - Undefined Weak Reference
    _fp_trap_init                             - Undefined Weak Reference
    _fp_trap_shutdown                         - Undefined Weak Reference
    _get_lc_collate                           - Undefined Weak Reference
    _get_lc_ctype                             - Undefined Weak Reference
    _get_lc_monetary                          - Undefined Weak Reference
    _get_lc_numeric                           - Undefined Weak Reference
    _get_lc_time                              - Undefined Weak Reference
    _getenv_init                              - Undefined Weak Reference
    _handle_redirection                       - Undefined Weak Reference
    _init_alloc                               - Undefined Weak Reference
    _init_user_alloc                          - Undefined Weak Reference
    _initio                                   - Undefined Weak Reference
    _printf_post_padding                      - Undefined Weak Reference
    _printf_pre_padding                       - Undefined Weak Reference
    _printf_truncate_signed                   - Undefined Weak Reference
    _printf_truncate_unsigned                 - Undefined Weak Reference
    _rand_init                                - Undefined Weak Reference
    _signal_finish                            - Undefined Weak Reference
    _signal_init                              - Undefined Weak Reference
    _terminate_alloc                          - Undefined Weak Reference
    _terminate_user_alloc                     - Undefined Weak Reference
    _terminateio                              - Undefined Weak Reference
    __Vectors_Size                           0x00000188   Number         0  startup_stm32f40_41xxx.o ABSOLUTE
    __Vectors                                0x08000000   Data           4  startup_stm32f40_41xxx.o(RESET)
    __Vectors_End                            0x08000188   Data           0  startup_stm32f40_41xxx.o(RESET)
    __main                                   0x08000189   Thumb Code     8  __main.o(!!!main)
    __scatterload                            0x08000191   Thumb Code     0  __scatter.o(!!!scatter)
    __scatterload_rt2                        0x08000191   Thumb Code    44  __scatter.o(!!!scatter)
    __scatterload_rt2_thumb_only             0x08000191   Thumb Code     0  __scatter.o(!!!scatter)
    __scatterload_null                       0x0800019f   Thumb Code     0  __scatter.o(!!!scatter)
    __scatterload_copy                       0x080001c5   Thumb Code    26  __scatter_copy.o(!!handler_copy)
    __scatterload_zeroinit                   0x080001e1   Thumb Code    28  __scatter_zi.o(!!handler_zi)
    _printf_d                                0x080001fd   Thumb Code     0  _printf_d.o(.ARM.Collect$$_printf_percent$$00000009)
    _printf_percent                          0x080001fd   Thumb Code     0  _printf_percent.o(.ARM.Collect$$_printf_percent$$00000000)
    _printf_percent_end                      0x08000203   Thumb Code     0  _printf_percent_end.o(.ARM.Collect$$_printf_percent$$00000017)
    __rt_lib_init                            0x08000207   Thumb Code     0  libinit.o(.ARM.Collect$$libinit$$00000000)
    __rt_lib_init_fp_1                       0x08000209   Thumb Code     0  libinit2.o(.ARM.Collect$$libinit$$00000001)
    __rt_lib_init_alloca_1                   0x0800020d   Thumb Code     0  libinit2.o(.ARM.Collect$$libinit$$0000002E)
    __rt_lib_init_argv_1                     0x0800020d   Thumb Code     0  libinit2.o(.ARM.Collect$$libinit$$0000002C)
    __rt_lib_init_atexit_1                   0x0800020d   Thumb Code     0  libinit2.o(.ARM.Collect$$libinit$$0000001B)
    __rt_lib_init_clock_1                    0x0800020d   Thumb Code     0  libinit2.o(.ARM.Collect$$libinit$$00000021)
    __rt_lib_init_cpp_1                      0x0800020d   Thumb Code     0  libinit2.o(.ARM.Collect$$libinit$$00000032)
    __rt_lib_init_exceptions_1               0x0800020d   Thumb Code     0  libinit2.o(.ARM.Collect$$libinit$$00000030)
    __rt_lib_init_fp_trap_1                  0x0800020d   Thumb Code     0  libinit2.o(.ARM.Collect$$libinit$$0000001F)
    __rt_lib_init_getenv_1                   0x0800020d   Thumb Code     0  libinit2.o(.ARM.Collect$$libinit$$00000023)
    __rt_lib_init_heap_1                     0x0800020d   Thumb Code     0  libinit2.o(.ARM.Collect$$libinit$$0000000A)
    __rt_lib_init_lc_collate_1               0x0800020d   Thumb Code     0  libinit2.o(.ARM.Collect$$libinit$$00000011)
    __rt_lib_init_lc_ctype_1                 0x0800020d   Thumb Code     0  libinit2.o(.ARM.Collect$$libinit$$00000013)
    __rt_lib_init_lc_monetary_1              0x0800020d   Thumb Code     0  libinit2.o(.ARM.Collect$$libinit$$00000015)
    __rt_lib_init_lc_numeric_1               0x0800020d   Thumb Code     0  libinit2.o(.ARM.Collect$$libinit$$00000017)
    __rt_lib_init_lc_time_1                  0x0800020d   Thumb Code     0  libinit2.o(.ARM.Collect$$libinit$$00000019)
    __rt_lib_init_preinit_1                  0x0800020d   Thumb Code     0  libinit2.o(.ARM.Collect$$libinit$$00000004)
    __rt_lib_init_rand_1                     0x0800020d   Thumb Code     0  libinit2.o(.ARM.Collect$$libinit$$0000000E)
    __rt_lib_init_return                     0x0800020d   Thumb Code     0  libinit2.o(.ARM.Collect$$libinit$$00000033)
    __rt_lib_init_signal_1                   0x0800020d   Thumb Code     0  libinit2.o(.ARM.Collect$$libinit$$0000001D)
    __rt_lib_init_stdio_1                    0x0800020d   Thumb Code     0  libinit2.o(.ARM.Collect$$libinit$$00000025)
    __rt_lib_init_user_alloc_1               0x0800020d   Thumb Code     0  libinit2.o(.ARM.Collect$$libinit$$0000000C)
    __rt_lib_shutdown                        0x0800020f   Thumb Code     0  libshutdown.o(.ARM.Collect$$libshutdown$$00000000)
    __rt_lib_shutdown_cpp_1                  0x08000211   Thumb Code     0  libshutdown2.o(.ARM.Collect$$libshutdown$$00000002)
    __rt_lib_shutdown_fp_trap_1              0x08000211   Thumb Code     0  libshutdown2.o(.ARM.Collect$$libshutdown$$00000007)
    __rt_lib_shutdown_heap_1                 0x08000211   Thumb Code     0  libshutdown2.o(.ARM.Collect$$libshutdown$$0000000F)
    __rt_lib_shutdown_return                 0x08000211   Thumb Code     0  libshutdown2.o(.ARM.Collect$$libshutdown$$00000010)
    __rt_lib_shutdown_signal_1               0x08000211   Thumb Code     0  libshutdown2.o(.ARM.Collect$$libshutdown$$0000000A)
    __rt_lib_shutdown_stdio_1                0x08000211   Thumb Code     0  libshutdown2.o(.ARM.Collect$$libshutdown$$00000004)
    __rt_lib_shutdown_user_alloc_1           0x08000211   Thumb Code     0  libshutdown2.o(.ARM.Collect$$libshutdown$$0000000C)
    __rt_entry                               0x08000213   Thumb Code     0  __rtentry.o(.ARM.Collect$$rtentry$$00000000)
    __rt_entry_presh_1                       0x08000213   Thumb Code     0  __rtentry2.o(.ARM.Collect$$rtentry$$00000002)
    __rt_entry_sh                            0x08000213   Thumb Code     0  __rtentry4.o(.ARM.Collect$$rtentry$$00000004)
    __rt_entry_li                            0x08000219   Thumb Code     0  __rtentry2.o(.ARM.Collect$$rtentry$$0000000A)
    __rt_entry_postsh_1                      0x08000219   Thumb Code     0  __rtentry2.o(.ARM.Collect$$rtentry$$00000009)
    __rt_entry_main                          0x0800021d   Thumb Code     0  __rtentry2.o(.ARM.Collect$$rtentry$$0000000D)
    __rt_entry_postli_1                      0x0800021d   Thumb Code     0  __rtentry2.o(.ARM.Collect$$rtentry$$0000000C)
    __rt_exit                                0x08000225   Thumb Code     0  rtexit.o(.ARM.Collect$$rtexit$$00000000)
    __rt_exit_ls                             0x08000227   Thumb Code     0  rtexit2.o(.ARM.Collect$$rtexit$$00000003)
    __rt_exit_prels_1                        0x08000227   Thumb Code     0  rtexit2.o(.ARM.Collect$$rtexit$$00000002)
    __rt_exit_exit                           0x0800022b   Thumb Code     0  rtexit2.o(.ARM.Collect$$rtexit$$00000004)
    Reset_Handler                            0x08000231   Thumb Code     8  startup_stm32f40_41xxx.o(.text)
    NMI_Handler                              0x08000239   Thumb Code     2  startup_stm32f40_41xxx.o(.text)
    HardFault_Handler                        0x0800023b   Thumb Code     2  startup_stm32f40_41xxx.o(.text)
    MemManage_Handler                        0x0800023d   Thumb Code     2  startup_stm32f40_41xxx.o(.text)
    BusFault_Handler                         0x0800023f   Thumb Code     2  startup_stm32f40_41xxx.o(.text)
    UsageFault_Handler                       0x08000241   Thumb Code     2  startup_stm32f40_41xxx.o(.text)
    SVC_Handler                              0x08000243   Thumb Code     2  startup_stm32f40_41xxx.o(.text)
    DebugMon_Handler                         0x08000245   Thumb Code     2  startup_stm32f40_41xxx.o(.text)
    PendSV_Handler                           0x08000247   Thumb Code     2  startup_stm32f40_41xxx.o(.text)
    SysTick_Handler                          0x08000249   Thumb Code     2  startup_stm32f40_41xxx.o(.text)
    ADC_IRQHandler                           0x0800024b   Thumb Code     0  startup_stm32f40_41xxx.o(.text)
    CAN1_RX0_IRQHandler                      0x0800024b   Thumb Code     0  startup_stm32f40_41xxx.o(.text)
    CAN1_RX1_IRQHandler                      0x0800024b   Thumb Code     0  startup_stm32f40_41xxx.o(.text)
    CAN1_SCE_IRQHandler                      0x0800024b   Thumb Code     0  startup_stm32f40_41xxx.o(.text)
    CAN1_TX_IRQHandler                       0x0800024b   Thumb Code     0  startup_stm32f40_41xxx.o(.text)
    CAN2_RX0_IRQHandler                      0x0800024b   Thumb Code     0  startup_stm32f40_41xxx.o(.text)
    CAN2_RX1_IRQHandler                      0x0800024b   Thumb Code     0  startup_stm32f40_41xxx.o(.text)
    CAN2_SCE_IRQHandler                      0x0800024b   Thumb Code     0  startup_stm32f40_41xxx.o(.text)
    CAN2_TX_IRQHandler                       0x0800024b   Thumb Code     0  startup_stm32f40_41xxx.o(.text)
    CRYP_IRQHandler                          0x0800024b   Thumb Code     0  startup_stm32f40_41xxx.o(.text)
    DCMI_IRQHandler                          0x0800024b   Thumb Code     0  startup_stm32f40_41xxx.o(.text)
    DMA1_Stream0_IRQHandler                  0x0800024b   Thumb Code     0  startup_stm32f40_41xxx.o(.text)
    DMA1_Stream1_IRQHandler                  0x0800024b   Thumb Code     0  startup_stm32f40_41xxx.o(.text)
    DMA1_Stream2_IRQHandler                  0x0800024b   Thumb Code     0  startup_stm32f40_41xxx.o(.text)
    DMA1_Stream3_IRQHandler                  0x0800024b   Thumb Code     0  startup_stm32f40_41xxx.o(.text)
    DMA1_Stream4_IRQHandler                  0x0800024b   Thumb Code     0  startup_stm32f40_41xxx.o(.text)
    DMA1_Stream5_IRQHandler                  0x0800024b   Thumb Code     0  startup_stm32f40_41xxx.o(.text)
    DMA1_Stream6_IRQHandler                  0x0800024b   Thumb Code     0  startup_stm32f40_41xxx.o(.text)
    DMA1_Stream7_IRQHandler                  0x0800024b   Thumb Code     0  startup_stm32f40_41xxx.o(.text)
    DMA2_Stream0_IRQHandler                  0x0800024b   Thumb Code     0  startup_stm32f40_41xxx.o(.text)
    DMA2_Stream1_IRQHandler                  0x0800024b   Thumb Code     0  startup_stm32f40_41xxx.o(.text)
    DMA2_Stream2_IRQHandler                  0x0800024b   Thumb Code     0  startup_stm32f40_41xxx.o(.text)
    DMA2_Stream3_IRQHandler                  0x0800024b   Thumb Code     0  startup_stm32f40_41xxx.o(.text)
    DMA2_Stream4_IRQHandler                  0x0800024b   Thumb Code     0  startup_stm32f40_41xxx.o(.text)
    DMA2_Stream5_IRQHandler                  0x0800024b   Thumb Code     0  startup_stm32f40_41xxx.o(.text)
    DMA2_Stream6_IRQHandler                  0x0800024b   Thumb Code     0  startup_stm32f40_41xxx.o(.text)
    DMA2_Stream7_IRQHandler                  0x0800024b   Thumb Code     0  startup_stm32f40_41xxx.o(.text)
    ETH_IRQHandler                           0x0800024b   Thumb Code     0  startup_stm32f40_41xxx.o(.text)
    ETH_WKUP_IRQHandler                      0x0800024b   Thumb Code     0  startup_stm32f40_41xxx.o(.text)
    EXTI0_IRQHandler                         0x0800024b   Thumb Code     0  startup_stm32f40_41xxx.o(.text)
    EXTI15_10_IRQHandler                     0x0800024b   Thumb Code     0  startup_stm32f40_41xxx.o(.text)
    EXTI1_IRQHandler                         0x0800024b   Thumb Code     0  startup_stm32f40_41xxx.o(.text)
    EXTI2_IRQHandler                         0x0800024b   Thumb Code     0  startup_stm32f40_41xxx.o(.text)
    EXTI3_IRQHandler                         0x0800024b   Thumb Code     0  startup_stm32f40_41xxx.o(.text)
    EXTI4_IRQHandler                         0x0800024b   Thumb Code     0  startup_stm32f40_41xxx.o(.text)
    EXTI9_5_IRQHandler                       0x0800024b   Thumb Code     0  startup_stm32f40_41xxx.o(.text)
    FLASH_IRQHandler                         0x0800024b   Thumb Code     0  startup_stm32f40_41xxx.o(.text)
    FPU_IRQHandler                           0x0800024b   Thumb Code     0  startup_stm32f40_41xxx.o(.text)
    FSMC_IRQHandler                          0x0800024b   Thumb Code     0  startup_stm32f40_41xxx.o(.text)
    HASH_RNG_IRQHandler                      0x0800024b   Thumb Code     0  startup_stm32f40_41xxx.o(.text)
    I2C1_ER_IRQHandler                       0x0800024b   Thumb Code     0  startup_stm32f40_41xxx.o(.text)
    I2C1_EV_IRQHandler                       0x0800024b   Thumb Code     0  startup_stm32f40_41xxx.o(.text)
    I2C2_ER_IRQHandler                       0x0800024b   Thumb Code     0  startup_stm32f40_41xxx.o(.text)
    I2C2_EV_IRQHandler                       0x0800024b   Thumb Code     0  startup_stm32f40_41xxx.o(.text)
    I2C3_ER_IRQHandler                       0x0800024b   Thumb Code     0  startup_stm32f40_41xxx.o(.text)
    I2C3_EV_IRQHandler                       0x0800024b   Thumb Code     0  startup_stm32f40_41xxx.o(.text)
    OTG_FS_IRQHandler                        0x0800024b   Thumb Code     0  startup_stm32f40_41xxx.o(.text)
    OTG_FS_WKUP_IRQHandler                   0x0800024b   Thumb Code     0  startup_stm32f40_41xxx.o(.text)
    OTG_HS_EP1_IN_IRQHandler                 0x0800024b   Thumb Code     0  startup_stm32f40_41xxx.o(.text)
    OTG_HS_EP1_OUT_IRQHandler                0x0800024b   Thumb Code     0  startup_stm32f40_41xxx.o(.text)
    OTG_HS_IRQHandler                        0x0800024b   Thumb Code     0  startup_stm32f40_41xxx.o(.text)
    OTG_HS_WKUP_IRQHandler                   0x0800024b   Thumb Code     0  startup_stm32f40_41xxx.o(.text)
    PVD_IRQHandler                           0x0800024b   Thumb Code     0  startup_stm32f40_41xxx.o(.text)
    RCC_IRQHandler                           0x0800024b   Thumb Code     0  startup_stm32f40_41xxx.o(.text)
    RTC_Alarm_IRQHandler                     0x0800024b   Thumb Code     0  startup_stm32f40_41xxx.o(.text)
    RTC_WKUP_IRQHandler                      0x0800024b   Thumb Code     0  startup_stm32f40_41xxx.o(.text)
    SDIO_IRQHandler                          0x0800024b   Thumb Code     0  startup_stm32f40_41xxx.o(.text)
    SPI1_IRQHandler                          0x0800024b   Thumb Code     0  startup_stm32f40_41xxx.o(.text)
    SPI2_IRQHandler                          0x0800024b   Thumb Code     0  startup_stm32f40_41xxx.o(.text)
    SPI3_IRQHandler                          0x0800024b   Thumb Code     0  startup_stm32f40_41xxx.o(.text)
    TAMP_STAMP_IRQHandler                    0x0800024b   Thumb Code     0  startup_stm32f40_41xxx.o(.text)
    TIM1_BRK_TIM9_IRQHandler                 0x0800024b   Thumb Code     0  startup_stm32f40_41xxx.o(.text)
    TIM1_CC_IRQHandler                       0x0800024b   Thumb Code     0  startup_stm32f40_41xxx.o(.text)
    TIM1_TRG_COM_TIM11_IRQHandler            0x0800024b   Thumb Code     0  startup_stm32f40_41xxx.o(.text)
    TIM1_UP_TIM10_IRQHandler                 0x0800024b   Thumb Code     0  startup_stm32f40_41xxx.o(.text)
    TIM3_IRQHandler                          0x0800024b   Thumb Code     0  startup_stm32f40_41xxx.o(.text)
    TIM4_IRQHandler                          0x0800024b   Thumb Code     0  startup_stm32f40_41xxx.o(.text)
    TIM5_IRQHandler                          0x0800024b   Thumb Code     0  startup_stm32f40_41xxx.o(.text)
    TIM6_DAC_IRQHandler                      0x0800024b   Thumb Code     0  startup_stm32f40_41xxx.o(.text)
    TIM7_IRQHandler                          0x0800024b   Thumb Code     0  startup_stm32f40_41xxx.o(.text)
    TIM8_BRK_TIM12_IRQHandler                0x0800024b   Thumb Code     0  startup_stm32f40_41xxx.o(.text)
    TIM8_CC_IRQHandler                       0x0800024b   Thumb Code     0  startup_stm32f40_41xxx.o(.text)
    TIM8_TRG_COM_TIM14_IRQHandler            0x0800024b   Thumb Code     0  startup_stm32f40_41xxx.o(.text)
    TIM8_UP_TIM13_IRQHandler                 0x0800024b   Thumb Code     0  startup_stm32f40_41xxx.o(.text)
    UART4_IRQHandler                         0x0800024b   Thumb Code     0  startup_stm32f40_41xxx.o(.text)
    UART5_IRQHandler                         0x0800024b   Thumb Code     0  startup_stm32f40_41xxx.o(.text)
    USART1_IRQHandler                        0x0800024b   Thumb Code     0  startup_stm32f40_41xxx.o(.text)
    USART2_IRQHandler                        0x0800024b   Thumb Code     0  startup_stm32f40_41xxx.o(.text)
    USART3_IRQHandler                        0x0800024b   Thumb Code     0  startup_stm32f40_41xxx.o(.text)
    USART6_IRQHandler                        0x0800024b   Thumb Code     0  startup_stm32f40_41xxx.o(.text)
    WWDG_IRQHandler                          0x0800024b   Thumb Code     0  startup_stm32f40_41xxx.o(.text)
    __user_initial_stackheap                 0x0800024d   Thumb Code     0  startup_stm32f40_41xxx.o(.text)
    __2sprintf                               0x08000271   Thumb Code    34  noretval__2sprintf.o(.text)
    __printf                                 0x08000299   Thumb Code   104  __printf.o(.text)
    _printf_int_dec                          0x08000301   Thumb Code   104  _printf_dec.o(.text)
    __use_two_region_memory                  0x08000379   Thumb Code     2  heapauxi.o(.text)
    __rt_heap_escrow$2region                 0x0800037b   Thumb Code     2  heapauxi.o(.text)
    __rt_heap_expand$2region                 0x0800037d   Thumb Code     2  heapauxi.o(.text)
    __read_errno                             0x0800037f   Thumb Code    10  _rserrno.o(.text)
    __set_errno                              0x08000389   Thumb Code    12  _rserrno.o(.text)
    _printf_int_common                       0x08000395   Thumb Code   178  _printf_intcommon.o(.text)
    _printf_char_common                      0x08000453   Thumb Code    32  _printf_char_common.o(.text)
    _sputc                                   0x08000479   Thumb Code    10  _sputc.o(.text)
    __aeabi_errno_addr                       0x08000485   Thumb Code     8  rt_errno_addr_intlibspace.o(.text)
    __errno$intlibspace                      0x08000485   Thumb Code     0  rt_errno_addr_intlibspace.o(.text)
    __rt_errno_addr$intlibspace              0x08000485   Thumb Code     0  rt_errno_addr_intlibspace.o(.text)
    __user_libspace                          0x0800048d   Thumb Code     8  libspace.o(.text)
    __user_perproc_libspace                  0x0800048d   Thumb Code     0  libspace.o(.text)
    __user_perthread_libspace                0x0800048d   Thumb Code     0  libspace.o(.text)
    __user_setup_stackheap                   0x08000495   Thumb Code    74  sys_stackheap_outer.o(.text)
    exit                                     0x080004df   Thumb Code    18  exit.o(.text)
    _sys_exit                                0x080004f1   Thumb Code     8  sys_exit.o(.text)
    __I$use$semihosting                      0x080004fd   Thumb Code     0  use_no_semi.o(.text)
    __use_no_semihosting_swi                 0x080004fd   Thumb Code     2  use_no_semi.o(.text)
    ADC_Cmd                                  0x080004ff   Thumb Code    22  stm32f4xx_adc.o(i.ADC_Cmd)
    __semihosting_library_function           0x080004ff   Thumb Code     0  indicate_semi.o(.text)
    ADC_CommonInit                           0x08000515   Thumb Code    34  stm32f4xx_adc.o(i.ADC_CommonInit)
    ADC_DMACmd                               0x08000545   Thumb Code    22  stm32f4xx_adc.o(i.ADC_DMACmd)
    ADC_DMARequestAfterLastTransferCmd       0x0800055b   Thumb Code    22  stm32f4xx_adc.o(i.ADC_DMARequestAfterLastTransferCmd)
    ADC_DeInit                               0x08000571   Thumb Code    22  stm32f4xx_adc.o(i.ADC_DeInit)
    ADC_Init                                 0x08000589   Thumb Code    74  stm32f4xx_adc.o(i.ADC_Init)
    ADC_RegularChannelConfig                 0x080005dd   Thumb Code   184  stm32f4xx_adc.o(i.ADC_RegularChannelConfig)
    ADC_SoftwareStartConv                    0x08000695   Thumb Code    10  stm32f4xx_adc.o(i.ADC_SoftwareStartConv)
    DMA_Cmd                                  0x0800069f   Thumb Code    22  stm32f4xx_dma.o(i.DMA_Cmd)
    DMA_Init                                 0x080006b5   Thumb Code    82  stm32f4xx_dma.o(i.DMA_Init)
    Flex_Init                                0x0800070d   Thumb Code   316  flex_reading.o(i.Flex_Init)
    GPIO_Init                                0x08000861   Thumb Code   144  stm32f4xx_gpio.o(i.GPIO_Init)
    GPIO_PinAFConfig                         0x080008f1   Thumb Code    70  stm32f4xx_gpio.o(i.GPIO_PinAFConfig)
    GPIO_ReadInputDataBit                    0x08000937   Thumb Code    18  stm32f4xx_gpio.o(i.GPIO_ReadInputDataBit)
    GPIO_ResetBits                           0x08000949   Thumb Code     4  stm32f4xx_gpio.o(i.GPIO_ResetBits)
    GPIO_SetBits                             0x0800094d   Thumb Code     4  stm32f4xx_gpio.o(i.GPIO_SetBits)
    I2C_CheckEvent                           0x08000951   Thumb Code    42  stm32f4xx_i2c.o(i.I2C_CheckEvent)
    I2C_Cmd                                  0x0800097b   Thumb Code    24  stm32f4xx_i2c.o(i.I2C_Cmd)
    I2C_Init                                 0x08000995   Thumb Code   218  stm32f4xx_i2c.o(i.I2C_Init)
    I2C_ReadAck                              0x08000a7d   Thumb Code    58  myi2c.o(i.I2C_ReadAck)
    I2C_ReadMulti                            0x08000ac1   Thumb Code    86  myi2c.o(i.I2C_ReadMulti)
    I2C_ReadNack                             0x08000b19   Thumb Code    66  myi2c.o(i.I2C_ReadNack)
    I2C_Start                                0x08000b65   Thumb Code   166  myi2c.o(i.I2C_Start)
    I2C_Stop                                 0x08000c15   Thumb Code    60  myi2c.o(i.I2C_Stop)
    I2C_Write                                0x08000c55   Thumb Code    50  myi2c.o(i.I2C_Write)
    I2C_WriteData                            0x08000c89   Thumb Code    40  myi2c.o(i.I2C_WriteData)
    LCD_Clear                                0x08000cb5   Thumb Code    10  hdd47780.o(i.LCD_Clear)
    LCD_GoTo                                 0x08000cbf   Thumb Code    30  hdd47780.o(i.LCD_GoTo)
    LCD_Init                                 0x08000cdd   Thumb Code   282  hdd47780.o(i.LCD_Init)
    LCD_ReadByte                             0x08000e05   Thumb Code   320  hdd47780.o(i.LCD_ReadByte)
    LCD_SendByte                             0x08000f4d   Thumb Code   272  hdd47780.o(i.LCD_SendByte)
    LCD_SendCmd                              0x08001065   Thumb Code    26  hdd47780.o(i.LCD_SendCmd)
    LCD_SendData                             0x08001085   Thumb Code    26  hdd47780.o(i.LCD_SendData)
    LCD_SendText                             0x080010a5   Thumb Code    22  hdd47780.o(i.LCD_SendText)
    MPU6050_Init                             0x080010bd   Thumb Code    40  mpu6050.o(i.MPU6050_Init)
    MPU6050_ReadAccelerometer                0x080010e9   Thumb Code    72  mpu6050.o(i.MPU6050_ReadAccelerometer)
    MPU6050_ReadGyroscope                    0x08001135   Thumb Code    72  mpu6050.o(i.MPU6050_ReadGyroscope)
    MPU9250_GetGyros                         0x08001181   Thumb Code    66  orientation.o(i.MPU9250_GetGyros)
    MPUsetXAccelOffset                       0x080011c5   Thumb Code    40  mpu6050.o(i.MPUsetXAccelOffset)
    MPUsetXGyroOffset                        0x080011f1   Thumb Code    40  mpu6050.o(i.MPUsetXGyroOffset)
    MPUsetYAccelOffset                       0x0800121d   Thumb Code    40  mpu6050.o(i.MPUsetYAccelOffset)
    MPUsetYGyroOffset                        0x08001249   Thumb Code    40  mpu6050.o(i.MPUsetYGyroOffset)
    MPUsetZAccelOffset                       0x08001275   Thumb Code    40  mpu6050.o(i.MPUsetZAccelOffset)
    MPUsetZGyroOffset                        0x080012a1   Thumb Code    40  mpu6050.o(i.MPUsetZGyroOffset)
    NVIC_Init                                0x080012cd   Thumb Code   106  misc.o(i.NVIC_Init)
    Quat_Inverse                             0x08001345   Thumb Code   150  quaternion.o(i.Quat_Inverse)
    Quat_Multiply                            0x080013e1   Thumb Code   374  quaternion.o(i.Quat_Multiply)
    Quat_Normalize                           0x08001559   Thumb Code   126  quaternion.o(i.Quat_Normalize)
    Quat_RotateVector                        0x080015dd   Thumb Code   128  quaternion.o(i.Quat_RotateVector)
    Quat_Set                                 0x08001661   Thumb Code    18  quaternion.o(i.Quat_Set)
    Quat_SetAxisAndAngle                     0x08001675   Thumb Code   380  quaternion.o(i.Quat_SetAxisAndAngle)
    RCC_AHB1PeriphClockCmd                   0x080017f9   Thumb Code    26  stm32f4xx_rcc.o(i.RCC_AHB1PeriphClockCmd)
    RCC_APB1PeriphClockCmd                   0x08001819   Thumb Code    26  stm32f4xx_rcc.o(i.RCC_APB1PeriphClockCmd)
    RCC_APB2PeriphClockCmd                   0x08001839   Thumb Code    26  stm32f4xx_rcc.o(i.RCC_APB2PeriphClockCmd)
    RCC_APB2PeriphResetCmd                   0x08001859   Thumb Code    26  stm32f4xx_rcc.o(i.RCC_APB2PeriphResetCmd)
    RCC_GetClocksFreq                        0x08001879   Thumb Code   214  stm32f4xx_rcc.o(i.RCC_GetClocksFreq)
    Set_Timer                                0x08001a4d   Thumb Code    94  helper_functions.o(i.Set_Timer)
    SystemInit                               0x08001aad   Thumb Code    88  system_stm32f4xx.o(i.SystemInit)
    TIM2_IRQHandler                          0x08001b15   Thumb Code   362  main.o(i.TIM2_IRQHandler)
    TIM_ClearITPendingBit                    0x08001cbd   Thumb Code     6  stm32f4xx_tim.o(i.TIM_ClearITPendingBit)
    TIM_Cmd                                  0x08001cc3   Thumb Code    24  stm32f4xx_tim.o(i.TIM_Cmd)
    TIM_GetITStatus                          0x08001cdb   Thumb Code    34  stm32f4xx_tim.o(i.TIM_GetITStatus)
    TIM_ITConfig                             0x08001cfd   Thumb Code    18  stm32f4xx_tim.o(i.TIM_ITConfig)
    TIM_TimeBaseInit                         0x08001d11   Thumb Code   104  stm32f4xx_tim.o(i.TIM_TimeBaseInit)
    USART_Cmd                                0x08001d95   Thumb Code    24  stm32f4xx_usart.o(i.USART_Cmd)
    USART_Init                               0x08001dad   Thumb Code   204  stm32f4xx_usart.o(i.USART_Init)
    USART_SendData                           0x08001e81   Thumb Code     8  stm32f4xx_usart.o(i.USART_SendData)
    USART_puts                               0x08001e89   Thumb Code    40  myusart.o(i.USART_puts)
    Vector_Cross                             0x08001eb1   Thumb Code    86  quaternion.o(i.Vector_Cross)
    Vector_Dot                               0x08001f07   Thumb Code    38  quaternion.o(i.Vector_Dot)
    Vector_Length                            0x08001f2d   Thumb Code    54  quaternion.o(i.Vector_Length)
    Vector_Normalize                         0x08001f69   Thumb Code    66  quaternion.o(i.Vector_Normalize)
    Vector_Set                               0x08001fab   Thumb Code    14  quaternion.o(i.Vector_Set)
    __ARM_fpclassify                         0x08001fb9   Thumb Code    48  fpclassify.o(i.__ARM_fpclassify)
    __hardfp_acosf                           0x08001fe9   Thumb Code   234  acosf.o(i.__hardfp_acosf)
    __hardfp_cos                             0x08002101   Thumb Code   180  cos.o(i.__hardfp_cos)
    __hardfp_sin                             0x080021c9   Thumb Code   180  sin.o(i.__hardfp_sin)
    __hardfp_sqrt                            0x08002291   Thumb Code   122  sqrt.o(i.__hardfp_sqrt)
    __hardfp_sqrtf                           0x0800230b   Thumb Code    58  sqrtf.o(i.__hardfp_sqrtf)
    __ieee754_rem_pio2                       0x08002349   Thumb Code   938  rred.o(i.__ieee754_rem_pio2)
    __kernel_cos                             0x08002781   Thumb Code   322  cos_i.o(i.__kernel_cos)
    __kernel_poly                            0x080028f1   Thumb Code   248  poly.o(i.__kernel_poly)
    __kernel_sin                             0x080029e9   Thumb Code   280  sin_i.o(i.__kernel_sin)
    __mathlib_dbl_infnan                     0x08002b19   Thumb Code    20  dunder.o(i.__mathlib_dbl_infnan)
    __mathlib_dbl_invalid                    0x08002b31   Thumb Code    24  dunder.o(i.__mathlib_dbl_invalid)
    __mathlib_dbl_underflow                  0x08002b51   Thumb Code    24  dunder.o(i.__mathlib_dbl_underflow)
    __mathlib_flt_infnan                     0x08002b71   Thumb Code     6  funder.o(i.__mathlib_flt_infnan)
    __mathlib_flt_invalid                    0x08002b79   Thumb Code    10  funder.o(i.__mathlib_flt_invalid)
    delay_ms                                 0x08002b89   Thumb Code    20  hdd47780.o(i.delay_ms)
    delay_us                                 0x08002b9d   Thumb Code    16  hdd47780.o(i.delay_us)
    fabs                                     0x08002bad   Thumb Code    24  fabs.o(i.fabs)
    main                                     0x08002bc5   Thumb Code   312  main.o(i.main)
    myI2C_Init                               0x08002d4d   Thumb Code   130  myi2c.o(i.myI2C_Init)
    myUsart_Init                             0x08002ddd   Thumb Code   114  myusart.o(i.myUsart_Init)
    sqrtf                                    0x08002e59   Thumb Code    62  sqrtf.o(i.sqrtf)
    __aeabi_dneg                             0x08002e97   Thumb Code     0  basic.o(x$fpl$basic)
    _dneg                                    0x08002e97   Thumb Code     6  basic.o(x$fpl$basic)
    __aeabi_fneg                             0x08002e9d   Thumb Code     0  basic.o(x$fpl$basic)
    _fneg                                    0x08002e9d   Thumb Code     6  basic.o(x$fpl$basic)
    _dabs                                    0x08002ea3   Thumb Code     6  basic.o(x$fpl$basic)
    _fabs                                    0x08002ea9   Thumb Code     6  basic.o(x$fpl$basic)
    __aeabi_d2f                              0x08002eb1   Thumb Code     0  d2f.o(x$fpl$d2f)
    _d2f                                     0x08002eb1   Thumb Code    98  d2f.o(x$fpl$d2f)
    __aeabi_dadd                             0x08002f15   Thumb Code     0  daddsub_clz.o(x$fpl$dadd)
    _dadd                                    0x08002f15   Thumb Code   332  daddsub_clz.o(x$fpl$dadd)
    __aeabi_ddiv                             0x08003065   Thumb Code     0  ddiv.o(x$fpl$ddiv)
    _ddiv                                    0x08003065   Thumb Code   552  ddiv.o(x$fpl$ddiv)
    __aeabi_d2iz                             0x08003315   Thumb Code     0  dfix.o(x$fpl$dfix)
    _dfix                                    0x08003315   Thumb Code    94  dfix.o(x$fpl$dfix)
    __aeabi_i2d                              0x08003373   Thumb Code     0  dflt_clz.o(x$fpl$dflt)
    _dflt                                    0x08003373   Thumb Code    46  dflt_clz.o(x$fpl$dflt)
    __aeabi_ui2d                             0x080033a1   Thumb Code     0  dflt_clz.o(x$fpl$dfltu)
    _dfltu                                   0x080033a1   Thumb Code    38  dflt_clz.o(x$fpl$dfltu)
    __aeabi_dmul                             0x080033c9   Thumb Code     0  dmul.o(x$fpl$dmul)
    _dmul                                    0x080033c9   Thumb Code   332  dmul.o(x$fpl$dmul)
    __fpl_dnaninf                            0x0800351d   Thumb Code   156  dnaninf.o(x$fpl$dnaninf)
    __fpl_dretinf                            0x080035b9   Thumb Code    12  dretinf.o(x$fpl$dretinf)
    __aeabi_drsub                            0x080035c5   Thumb Code     0  daddsub_clz.o(x$fpl$drsb)
    _drsb                                    0x080035c5   Thumb Code    22  daddsub_clz.o(x$fpl$drsb)
    _dsqrt                                   0x080035dd   Thumb Code   404  dsqrt_umaal.o(x$fpl$dsqrt)
    __aeabi_dsub                             0x08003775   Thumb Code     0  daddsub_clz.o(x$fpl$dsub)
    _dsub                                    0x08003775   Thumb Code   464  daddsub_clz.o(x$fpl$dsub)
    __aeabi_f2d                              0x08003949   Thumb Code     0  f2d.o(x$fpl$f2d)
    _f2d                                     0x08003949   Thumb Code    86  f2d.o(x$fpl$f2d)
    __fpl_fnaninf                            0x0800399f   Thumb Code   140  fnaninf.o(x$fpl$fnaninf)
    _fp_init                                 0x08003a2b   Thumb Code    10  fpinit.o(x$fpl$fpinit)
    __fplib_config_fpu_vfp                   0x08003a33   Thumb Code     0  fpinit.o(x$fpl$fpinit)
    __fplib_config_pureend_doubles           0x08003a33   Thumb Code     0  fpinit.o(x$fpl$fpinit)
    __fpl_fretinf                            0x08003a35   Thumb Code    10  fretinf.o(x$fpl$fretinf)
    UserFont                                 0x08003a3e   Data          64  hdd47780.o(.constdata)
    __I$use$fp                               0x08003a3e   Number         0  usenofp.o(x$fpl$usenofp)
    Region$$Table$$Base                      0x08003ba0   Number         0  anon$$obj.o(Region$$Table)
    Region$$Table$$Limit                     0x08003bc0   Number         0  anon$$obj.o(Region$$Table)
    Gyro_Sensitivity                         0x20000000   Data           4  main.o(.data)
    Acc_Sensivitiy                           0x20000004   Data           4  main.o(.data)
    rads                                     0x20000008   Data           4  main.o(.data)
    data                                     0x2000000c   Data           1  main.o(.data)
    dT                                       0x20000010   Data           4  main.o(.data)
    drift                                    0x20000014   Data           4  main.o(.data)
    i                                        0x20000018   Data           4  main.o(.data)
    ADC3ConvertedValue                       0x20000030   Data          10  main.o(.bss)
    Finger                                   0x2000003a   Data          10  main.o(.bss)
    MPU6050_Data0                            0x20000044   Data          16  main.o(.bss)
    Gyro_Rates                               0x20000054   Data          12  main.o(.bss)
    Acc                                      0x20000060   Data          12  main.o(.bss)
    Vector_Down                              0x2000006c   Data          12  main.o(.bss)
    Vmeasured                                0x20000078   Data          12  main.o(.bss)
    Mag_Measured                             0x20000084   Data          12  main.o(.bss)
    Vcorrection                              0x20000090   Data          12  main.o(.bss)
    Gyro_Frame                               0x2000009c   Data          16  main.o(.bss)
    q_erect_out                              0x200000ac   Data          16  main.o(.bss)
    str                                      0x200000bc   Data         120  main.o(.bss)
    __libspace_start                         0x20000134   Data          96  libspace.o(.bss)
    __temporary_stack_top$libspace           0x20000194   Data           0  libspace.o(.bss)



==============================================================================

Memory Map of the image

  Image Entry point : 0x08000231

  Load Region LR_1 (Base: 0x08000000, Size: 0x00003bf0, Max: 0xffffffff, ABSOLUTE)

    Execution Region ER_RO (Base: 0x08000000, Size: 0x00003bc0, Max: 0xffffffff, ABSOLUTE)

    Base Addr    Size         Type   Attr      Idx    E Section Name        Object

    0x08000000   0x00000188   Data   RO         2806    RESET               startup_stm32f40_41xxx.o
    0x08000188   0x00000008   Code   RO         2886  * !!!main             c_w.l(__main.o)
    0x08000190   0x00000034   Code   RO         3228    !!!scatter          c_w.l(__scatter.o)
    0x080001c4   0x0000001a   Code   RO         3230    !!handler_copy      c_w.l(__scatter_copy.o)
    0x080001de   0x00000002   PAD
    0x080001e0   0x0000001c   Code   RO         3232    !!handler_zi        c_w.l(__scatter_zi.o)
    0x080001fc   0x00000000   Code   RO         2883    .ARM.Collect$$_printf_percent$$00000000  c_w.l(_printf_percent.o)
    0x080001fc   0x00000006   Code   RO         2882    .ARM.Collect$$_printf_percent$$00000009  c_w.l(_printf_d.o)
    0x08000202   0x00000004   Code   RO         2981    .ARM.Collect$$_printf_percent$$00000017  c_w.l(_printf_percent_end.o)
    0x08000206   0x00000002   Code   RO         3101    .ARM.Collect$$libinit$$00000000  c_w.l(libinit.o)
    0x08000208   0x00000004   Code   RO         3104    .ARM.Collect$$libinit$$00000001  c_w.l(libinit2.o)
    0x0800020c   0x00000000   Code   RO         3107    .ARM.Collect$$libinit$$00000004  c_w.l(libinit2.o)
    0x0800020c   0x00000000   Code   RO         3110    .ARM.Collect$$libinit$$0000000A  c_w.l(libinit2.o)
    0x0800020c   0x00000000   Code   RO         3112    .ARM.Collect$$libinit$$0000000C  c_w.l(libinit2.o)
    0x0800020c   0x00000000   Code   RO         3114    .ARM.Collect$$libinit$$0000000E  c_w.l(libinit2.o)
    0x0800020c   0x00000000   Code   RO         3117    .ARM.Collect$$libinit$$00000011  c_w.l(libinit2.o)
    0x0800020c   0x00000000   Code   RO         3119    .ARM.Collect$$libinit$$00000013  c_w.l(libinit2.o)
    0x0800020c   0x00000000   Code   RO         3121    .ARM.Collect$$libinit$$00000015  c_w.l(libinit2.o)
    0x0800020c   0x00000000   Code   RO         3123    .ARM.Collect$$libinit$$00000017  c_w.l(libinit2.o)
    0x0800020c   0x00000000   Code   RO         3125    .ARM.Collect$$libinit$$00000019  c_w.l(libinit2.o)
    0x0800020c   0x00000000   Code   RO         3127    .ARM.Collect$$libinit$$0000001B  c_w.l(libinit2.o)
    0x0800020c   0x00000000   Code   RO         3129    .ARM.Collect$$libinit$$0000001D  c_w.l(libinit2.o)
    0x0800020c   0x00000000   Code   RO         3131    .ARM.Collect$$libinit$$0000001F  c_w.l(libinit2.o)
    0x0800020c   0x00000000   Code   RO         3133    .ARM.Collect$$libinit$$00000021  c_w.l(libinit2.o)
    0x0800020c   0x00000000   Code   RO         3135    .ARM.Collect$$libinit$$00000023  c_w.l(libinit2.o)
    0x0800020c   0x00000000   Code   RO         3137    .ARM.Collect$$libinit$$00000025  c_w.l(libinit2.o)
    0x0800020c   0x00000000   Code   RO         3141    .ARM.Collect$$libinit$$0000002C  c_w.l(libinit2.o)
    0x0800020c   0x00000000   Code   RO         3143    .ARM.Collect$$libinit$$0000002E  c_w.l(libinit2.o)
    0x0800020c   0x00000000   Code   RO         3145    .ARM.Collect$$libinit$$00000030  c_w.l(libinit2.o)
    0x0800020c   0x00000000   Code   RO         3147    .ARM.Collect$$libinit$$00000032  c_w.l(libinit2.o)
    0x0800020c   0x00000002   Code   RO         3148    .ARM.Collect$$libinit$$00000033  c_w.l(libinit2.o)
    0x0800020e   0x00000002   Code   RO         3168    .ARM.Collect$$libshutdown$$00000000  c_w.l(libshutdown.o)
    0x08000210   0x00000000   Code   RO         3181    .ARM.Collect$$libshutdown$$00000002  c_w.l(libshutdown2.o)
    0x08000210   0x00000000   Code   RO         3183    .ARM.Collect$$libshutdown$$00000004  c_w.l(libshutdown2.o)
    0x08000210   0x00000000   Code   RO         3186    .ARM.Collect$$libshutdown$$00000007  c_w.l(libshutdown2.o)
    0x08000210   0x00000000   Code   RO         3189    .ARM.Collect$$libshutdown$$0000000A  c_w.l(libshutdown2.o)
    0x08000210   0x00000000   Code   RO         3191    .ARM.Collect$$libshutdown$$0000000C  c_w.l(libshutdown2.o)
    0x08000210   0x00000000   Code   RO         3194    .ARM.Collect$$libshutdown$$0000000F  c_w.l(libshutdown2.o)
    0x08000210   0x00000002   Code   RO         3195    .ARM.Collect$$libshutdown$$00000010  c_w.l(libshutdown2.o)
    0x08000212   0x00000000   Code   RO         2972    .ARM.Collect$$rtentry$$00000000  c_w.l(__rtentry.o)
    0x08000212   0x00000000   Code   RO         3042    .ARM.Collect$$rtentry$$00000002  c_w.l(__rtentry2.o)
    0x08000212   0x00000006   Code   RO         3054    .ARM.Collect$$rtentry$$00000004  c_w.l(__rtentry4.o)
    0x08000218   0x00000000   Code   RO         3044    .ARM.Collect$$rtentry$$00000009  c_w.l(__rtentry2.o)
    0x08000218   0x00000004   Code   RO         3045    .ARM.Collect$$rtentry$$0000000A  c_w.l(__rtentry2.o)
    0x0800021c   0x00000000   Code   RO         3047    .ARM.Collect$$rtentry$$0000000C  c_w.l(__rtentry2.o)
    0x0800021c   0x00000008   Code   RO         3048    .ARM.Collect$$rtentry$$0000000D  c_w.l(__rtentry2.o)
    0x08000224   0x00000002   Code   RO         3102    .ARM.Collect$$rtexit$$00000000  c_w.l(rtexit.o)
    0x08000226   0x00000000   Code   RO         3150    .ARM.Collect$$rtexit$$00000002  c_w.l(rtexit2.o)
    0x08000226   0x00000004   Code   RO         3151    .ARM.Collect$$rtexit$$00000003  c_w.l(rtexit2.o)
    0x0800022a   0x00000006   Code   RO         3152    .ARM.Collect$$rtexit$$00000004  c_w.l(rtexit2.o)
    0x08000230   0x00000040   Code   RO         2807  * .text               startup_stm32f40_41xxx.o
    0x08000270   0x00000028   Code   RO         2856    .text               c_w.l(noretval__2sprintf.o)
    0x08000298   0x00000068   Code   RO         2858    .text               c_w.l(__printf.o)
    0x08000300   0x00000078   Code   RO         2860    .text               c_w.l(_printf_dec.o)
    0x08000378   0x00000006   Code   RO         2884    .text               c_w.l(heapauxi.o)
    0x0800037e   0x00000016   Code   RO         2973    .text               c_w.l(_rserrno.o)
    0x08000394   0x000000b2   Code   RO         2975    .text               c_w.l(_printf_intcommon.o)
    0x08000446   0x00000002   PAD
    0x08000448   0x00000030   Code   RO         2977    .text               c_w.l(_printf_char_common.o)
    0x08000478   0x0000000a   Code   RO         2979    .text               c_w.l(_sputc.o)
    0x08000482   0x00000002   PAD
    0x08000484   0x00000008   Code   RO         3059    .text               c_w.l(rt_errno_addr_intlibspace.o)
    0x0800048c   0x00000008   Code   RO         3089    .text               c_w.l(libspace.o)
    0x08000494   0x0000004a   Code   RO         3092    .text               c_w.l(sys_stackheap_outer.o)
    0x080004de   0x00000012   Code   RO         3094    .text               c_w.l(exit.o)
    0x080004f0   0x0000000c   Code   RO         3160    .text               c_w.l(sys_exit.o)
    0x080004fc   0x00000002   Code   RO         3171    .text               c_w.l(use_no_semi.o)
    0x080004fe   0x00000000   Code   RO         3173    .text               c_w.l(indicate_semi.o)
    0x080004fe   0x00000016   Code   RO          769    i.ADC_Cmd           stm32f4xx_adc.o
    0x08000514   0x00000030   Code   RO          770    i.ADC_CommonInit    stm32f4xx_adc.o
    0x08000544   0x00000016   Code   RO          773    i.ADC_DMACmd        stm32f4xx_adc.o
    0x0800055a   0x00000016   Code   RO          774    i.ADC_DMARequestAfterLastTransferCmd  stm32f4xx_adc.o
    0x08000570   0x00000016   Code   RO          775    i.ADC_DeInit        stm32f4xx_adc.o
    0x08000586   0x00000002   PAD
    0x08000588   0x00000054   Code   RO          789    i.ADC_Init          stm32f4xx_adc.o
    0x080005dc   0x000000b8   Code   RO          794    i.ADC_RegularChannelConfig  stm32f4xx_adc.o
    0x08000694   0x0000000a   Code   RO          796    i.ADC_SoftwareStartConv  stm32f4xx_adc.o
    0x0800069e   0x00000016   Code   RO         1131    i.DMA_Cmd           stm32f4xx_dma.o
    0x080006b4   0x00000058   Code   RO         1143    i.DMA_Init          stm32f4xx_dma.o
    0x0800070c   0x00000154   Code   RO          433    i.Flex_Init         flex_reading.o
    0x08000860   0x00000090   Code   RO         1328    i.GPIO_Init         stm32f4xx_gpio.o
    0x080008f0   0x00000046   Code   RO         1329    i.GPIO_PinAFConfig  stm32f4xx_gpio.o
    0x08000936   0x00000012   Code   RO         1332    i.GPIO_ReadInputDataBit  stm32f4xx_gpio.o
    0x08000948   0x00000004   Code   RO         1335    i.GPIO_ResetBits    stm32f4xx_gpio.o
    0x0800094c   0x00000004   Code   RO         1336    i.GPIO_SetBits      stm32f4xx_gpio.o
    0x08000950   0x0000002a   Code   RO         1433    i.I2C_CheckEvent    stm32f4xx_i2c.o
    0x0800097a   0x00000018   Code   RO         1436    i.I2C_Cmd           stm32f4xx_i2c.o
    0x08000992   0x00000002   PAD
    0x08000994   0x000000e8   Code   RO         1451    i.I2C_Init          stm32f4xx_i2c.o
    0x08000a7c   0x00000044   Code   RO          459    i.I2C_ReadAck       myi2c.o
    0x08000ac0   0x00000056   Code   RO          460    i.I2C_ReadMulti     myi2c.o
    0x08000b16   0x00000002   PAD
    0x08000b18   0x0000004c   Code   RO          461    i.I2C_ReadNack      myi2c.o
    0x08000b64   0x000000b0   Code   RO          462    i.I2C_Start         myi2c.o
    0x08000c14   0x00000040   Code   RO          463    i.I2C_Stop          myi2c.o
    0x08000c54   0x00000032   Code   RO          464    i.I2C_Write         myi2c.o
    0x08000c86   0x00000002   PAD
    0x08000c88   0x0000002c   Code   RO          465    i.I2C_WriteData     myi2c.o
    0x08000cb4   0x0000000a   Code   RO          634    i.LCD_Clear         hdd47780.o
    0x08000cbe   0x0000001e   Code   RO          635    i.LCD_GoTo          hdd47780.o
    0x08000cdc   0x00000128   Code   RO          636    i.LCD_Init          hdd47780.o
    0x08000e04   0x00000148   Code   RO          637    i.LCD_ReadByte      hdd47780.o
    0x08000f4c   0x00000118   Code   RO          638    i.LCD_SendByte      hdd47780.o
    0x08001064   0x00000020   Code   RO          639    i.LCD_SendCmd       hdd47780.o
    0x08001084   0x00000020   Code   RO          640    i.LCD_SendData      hdd47780.o
    0x080010a4   0x00000016   Code   RO          641    i.LCD_SendText      hdd47780.o
    0x080010ba   0x00000002   PAD
    0x080010bc   0x0000002c   Code   RO          141    i.MPU6050_Init      mpu6050.o
    0x080010e8   0x0000004c   Code   RO          142    i.MPU6050_ReadAccelerometer  mpu6050.o
    0x08001134   0x0000004c   Code   RO          143    i.MPU6050_ReadGyroscope  mpu6050.o
    0x08001180   0x00000042   Code   RO          331    i.MPU9250_GetGyros  orientation.o
    0x080011c2   0x00000002   PAD
    0x080011c4   0x0000002c   Code   RO          145    i.MPUsetXAccelOffset  mpu6050.o
    0x080011f0   0x0000002c   Code   RO          146    i.MPUsetXGyroOffset  mpu6050.o
    0x0800121c   0x0000002c   Code   RO          147    i.MPUsetYAccelOffset  mpu6050.o
    0x08001248   0x0000002c   Code   RO          148    i.MPUsetYGyroOffset  mpu6050.o
    0x08001274   0x0000002c   Code   RO          149    i.MPUsetZAccelOffset  mpu6050.o
    0x080012a0   0x0000002c   Code   RO          150    i.MPUsetZGyroOffset  mpu6050.o
    0x080012cc   0x00000078   Code   RO          715    i.NVIC_Init         misc.o
    0x08001344   0x0000009c   Code   RO          216    i.Quat_Inverse      quaternion.o
    0x080013e0   0x00000176   Code   RO          218    i.Quat_Multiply     quaternion.o
    0x08001556   0x00000002   PAD
    0x08001558   0x00000084   Code   RO          219    i.Quat_Normalize    quaternion.o
    0x080015dc   0x00000084   Code   RO          220    i.Quat_RotateVector  quaternion.o
    0x08001660   0x00000012   Code   RO          221    i.Quat_Set          quaternion.o
    0x08001672   0x00000002   PAD
    0x08001674   0x00000184   Code   RO          222    i.Quat_SetAxisAndAngle  quaternion.o
    0x080017f8   0x00000020   Code   RO         1657    i.RCC_AHB1PeriphClockCmd  stm32f4xx_rcc.o
    0x08001818   0x00000020   Code   RO         1666    i.RCC_APB1PeriphClockCmd  stm32f4xx_rcc.o
    0x08001838   0x00000020   Code   RO         1669    i.RCC_APB2PeriphClockCmd  stm32f4xx_rcc.o
    0x08001858   0x00000020   Code   RO         1671    i.RCC_APB2PeriphResetCmd  stm32f4xx_rcc.o
    0x08001878   0x000000e8   Code   RO         1678    i.RCC_GetClocksFreq  stm32f4xx_rcc.o
    0x08001960   0x000000ec   Code   RO         2814    i.SetSysClock       system_stm32f4xx.o
    0x08001a4c   0x0000005e   Code   RO          610    i.Set_Timer         helper_functions.o
    0x08001aaa   0x00000002   PAD
    0x08001aac   0x00000068   Code   RO         2816    i.SystemInit        system_stm32f4xx.o
    0x08001b14   0x000001a8   Code   RO            4    i.TIM2_IRQHandler   main.o
    0x08001cbc   0x00000006   Code   RO         2060    i.TIM_ClearITPendingBit  stm32f4xx_tim.o
    0x08001cc2   0x00000018   Code   RO         2065    i.TIM_Cmd           stm32f4xx_tim.o
    0x08001cda   0x00000022   Code   RO         2086    i.TIM_GetITStatus   stm32f4xx_tim.o
    0x08001cfc   0x00000012   Code   RO         2090    i.TIM_ITConfig      stm32f4xx_tim.o
    0x08001d0e   0x00000002   PAD
    0x08001d10   0x00000084   Code   RO         2137    i.TIM_TimeBaseInit  stm32f4xx_tim.o
    0x08001d94   0x00000018   Code   RO         2619    i.USART_Cmd         stm32f4xx_usart.o
    0x08001dac   0x000000d4   Code   RO         2626    i.USART_Init        stm32f4xx_usart.o
    0x08001e80   0x00000008   Code   RO         2636    i.USART_SendData    stm32f4xx_usart.o
    0x08001e88   0x00000028   Code   RO          574    i.USART_puts        myusart.o
    0x08001eb0   0x00000056   Code   RO          224    i.Vector_Cross      quaternion.o
    0x08001f06   0x00000026   Code   RO          225    i.Vector_Dot        quaternion.o
    0x08001f2c   0x0000003c   Code   RO          227    i.Vector_Length     quaternion.o
    0x08001f68   0x00000042   Code   RO          229    i.Vector_Normalize  quaternion.o
    0x08001faa   0x0000000e   Code   RO          231    i.Vector_Set        quaternion.o
    0x08001fb8   0x00000030   Code   RO         3085    i.__ARM_fpclassify  m_wm.l(fpclassify.o)
    0x08001fe8   0x00000118   Code   RO         2900    i.__hardfp_acosf    m_wm.l(acosf.o)
    0x08002100   0x000000c8   Code   RO         2924    i.__hardfp_cos      m_wm.l(cos.o)
    0x080021c8   0x000000c8   Code   RO         2936    i.__hardfp_sin      m_wm.l(sin.o)
    0x08002290   0x0000007a   Code   RO         2948    i.__hardfp_sqrt     m_wm.l(sqrt.o)
    0x0800230a   0x0000003a   Code   RO         2960    i.__hardfp_sqrtf    m_wm.l(sqrtf.o)
    0x08002344   0x00000004   PAD
    0x08002348   0x00000438   Code   RO         3030    i.__ieee754_rem_pio2  m_wm.l(rred.o)
    0x08002780   0x00000170   Code   RO         2997    i.__kernel_cos      m_wm.l(cos_i.o)
    0x080028f0   0x000000f8   Code   RO         3087    i.__kernel_poly     m_wm.l(poly.o)
    0x080029e8   0x00000130   Code   RO         3035    i.__kernel_sin      m_wm.l(sin_i.o)
    0x08002b18   0x00000014   Code   RO         3001    i.__mathlib_dbl_infnan  m_wm.l(dunder.o)
    0x08002b2c   0x00000004   PAD
    0x08002b30   0x00000020   Code   RO         3003    i.__mathlib_dbl_invalid  m_wm.l(dunder.o)
    0x08002b50   0x00000020   Code   RO         3006    i.__mathlib_dbl_underflow  m_wm.l(dunder.o)
    0x08002b70   0x00000006   Code   RO         3017    i.__mathlib_flt_infnan  m_wm.l(funder.o)
    0x08002b76   0x00000002   PAD
    0x08002b78   0x00000010   Code   RO         3019    i.__mathlib_flt_invalid  m_wm.l(funder.o)
    0x08002b88   0x00000014   Code   RO          642    i.delay_ms          hdd47780.o
    0x08002b9c   0x00000010   Code   RO          643    i.delay_us          hdd47780.o
    0x08002bac   0x00000018   Code   RO         3081    i.fabs              m_wm.l(fabs.o)
    0x08002bc4   0x00000188   Code   RO            5    i.main              main.o
    0x08002d4c   0x00000090   Code   RO          473    i.myI2C_Init        myi2c.o
    0x08002ddc   0x0000007c   Code   RO          575    i.myUsart_Init      myusart.o
    0x08002e58   0x0000003e   Code   RO         2962    i.sqrtf             m_wm.l(sqrtf.o)
    0x08002e96   0x00000018   Code   RO         2982    x$fpl$basic         fz_wm.l(basic.o)
    0x08002eae   0x00000002   PAD
    0x08002eb0   0x00000062   Code   RO         2888    x$fpl$d2f           fz_wm.l(d2f.o)
    0x08002f12   0x00000002   PAD
    0x08002f14   0x00000150   Code   RO         2890    x$fpl$dadd          fz_wm.l(daddsub_clz.o)
    0x08003064   0x000002b0   Code   RO         3066    x$fpl$ddiv          fz_wm.l(ddiv.o)
    0x08003314   0x0000005e   Code   RO         3069    x$fpl$dfix          fz_wm.l(dfix.o)
    0x08003372   0x0000002e   Code   RO         3074    x$fpl$dflt          fz_wm.l(dflt_clz.o)
    0x080033a0   0x00000026   Code   RO         3073    x$fpl$dfltu         fz_wm.l(dflt_clz.o)
    0x080033c6   0x00000002   PAD
    0x080033c8   0x00000154   Code   RO         2896    x$fpl$dmul          fz_wm.l(dmul.o)
    0x0800351c   0x0000009c   Code   RO         2986    x$fpl$dnaninf       fz_wm.l(dnaninf.o)
    0x080035b8   0x0000000c   Code   RO         2988    x$fpl$dretinf       fz_wm.l(dretinf.o)
    0x080035c4   0x00000016   Code   RO         2891    x$fpl$drsb          fz_wm.l(daddsub_clz.o)
    0x080035da   0x00000002   PAD
    0x080035dc   0x00000198   Code   RO         2990    x$fpl$dsqrt         fz_wm.l(dsqrt_umaal.o)
    0x08003774   0x000001d4   Code   RO         2892    x$fpl$dsub          fz_wm.l(daddsub_clz.o)
    0x08003948   0x00000056   Code   RO         2898    x$fpl$f2d           fz_wm.l(f2d.o)
    0x0800399e   0x0000008c   Code   RO         2992    x$fpl$fnaninf       fz_wm.l(fnaninf.o)
    0x08003a2a   0x0000000a   Code   RO         3158    x$fpl$fpinit        fz_wm.l(fpinit.o)
    0x08003a34   0x0000000a   Code   RO         2994    x$fpl$fretinf       fz_wm.l(fretinf.o)
    0x08003a3e   0x00000000   Code   RO         2996    x$fpl$usenofp       fz_wm.l(usenofp.o)
    0x08003a3e   0x00000040   Data   RO          644    .constdata          hdd47780.o
    0x08003a7e   0x00000002   PAD
    0x08003a80   0x00000030   Data   RO         2998    .constdata          m_wm.l(cos_i.o)
    0x08003ab0   0x000000c8   Data   RO         3032    .constdata          m_wm.l(rred.o)
    0x08003b78   0x00000028   Data   RO         3036    .constdata          m_wm.l(sin_i.o)
    0x08003ba0   0x00000020   Data   RO         3226    Region$$Table       anon$$obj.o


    Execution Region ER_RW (Base: 0x20000000, Size: 0x00000030, Max: 0xffffffff, ABSOLUTE)

    Base Addr    Size         Type   Attr      Idx    E Section Name        Object

    0x20000000   0x0000001c   Data   RW            7    .data               main.o
    0x2000001c   0x00000004   Data   RW          474    .data               myi2c.o
    0x20000020   0x00000010   Data   RW         1709    .data               stm32f4xx_rcc.o


    Execution Region ER_ZI (Base: 0x20000030, Size: 0x00000768, Max: 0xffffffff, ABSOLUTE)

    Base Addr    Size         Type   Attr      Idx    E Section Name        Object

    0x20000030   0x00000104   Zero   RW            6    .bss                main.o
    0x20000134   0x00000060   Zero   RW         3090    .bss                c_w.l(libspace.o)
    0x20000194   0x00000004   PAD
    0x20000198   0x00000200   Zero   RW         2805    HEAP                startup_stm32f40_41xxx.o
    0x20000398   0x00000400   Zero   RW         2804    STACK               startup_stm32f40_41xxx.o


==============================================================================

Image component sizes


      Code (inc. data)   RO Data    RW Data    ZI Data      Debug   Object Name

       340         24          0          0          0        828   flex_reading.o
      1066         42         64          0          0       6733   hdd47780.o
        94          0          0          0          0        616   helper_functions.o
       816        142          0         28        260     340797   main.o
       120         14          0          0          0       1188   misc.o
       460         36          0          0          0       5774   mpu6050.o
       708         52          0          4          0       6121   myi2c.o
       164         10          0          0          0       1812   myusart.o
        66          0          0          0          0       1163   orientation.o
      1464         30          0          0          0       7662   quaternion.o
        64         26        392          0       1536        904   startup_stm32f40_41xxx.o
       414         24          0          0          0       6632   stm32f4xx_adc.o
       110          6          0          0          0       2609   stm32f4xx_dma.o
       240          0          0          0          0       3955   stm32f4xx_gpio.o
       298         14          0          0          0       2834   stm32f4xx_i2c.o
       360         42          0         16          0       5648   stm32f4xx_rcc.o
       214         28          0          0          0       4110   stm32f4xx_tim.o
       244          8          0          0          0       2918   stm32f4xx_usart.o
       340         32          0          0          0       1749   system_stm32f4xx.o

    ----------------------------------------------------------------------
      7602        530        490         48       1796     404053   Object Totals
         0          0         32          0          0          0   (incl. Generated)
        20          0          2          0          0          0   (incl. Padding)

    ----------------------------------------------------------------------

      Code (inc. data)   RO Data    RW Data    ZI Data      Debug   Library Member Name

         8          0          0          0          0         68   __main.o
       104          0          0          0          0         84   __printf.o
         0          0          0          0          0          0   __rtentry.o
        12          0          0          0          0          0   __rtentry2.o
         6          0          0          0          0          0   __rtentry4.o
        52          8          0          0          0          0   __scatter.o
        26          0          0          0          0          0   __scatter_copy.o
        28          0          0          0          0          0   __scatter_zi.o
        48          6          0          0          0         96   _printf_char_common.o
         6          0          0          0          0          0   _printf_d.o
       120         16          0          0          0         92   _printf_dec.o
       178          0          0          0          0         88   _printf_intcommon.o
         0          0          0          0          0          0   _printf_percent.o
         4          0          0          0          0          0   _printf_percent_end.o
        22          0          0          0          0        100   _rserrno.o
        10          0          0          0          0         68   _sputc.o
        18          0          0          0          0         80   exit.o
         6          0          0          0          0        152   heapauxi.o
         0          0          0          0          0          0   indicate_semi.o
         2          0          0          0          0          0   libinit.o
         6          0          0          0          0          0   libinit2.o
         2          0          0          0          0          0   libshutdown.o
         2          0          0          0          0          0   libshutdown2.o
         8          4          0          0         96         68   libspace.o
        40          6          0          0          0         84   noretval__2sprintf.o
         8          4          0          0          0         68   rt_errno_addr_intlibspace.o
         2          0          0          0          0          0   rtexit.o
        10          0          0          0          0          0   rtexit2.o
        12          4          0          0          0         68   sys_exit.o
        74          0          0          0          0         80   sys_stackheap_outer.o
         2          0          0          0          0         68   use_no_semi.o
        24          0          0          0          0        164   basic.o
        98          4          0          0          0        140   d2f.o
       826         16          0          0          0        492   daddsub_clz.o
       688        140          0          0          0        256   ddiv.o
        94          4          0          0          0        140   dfix.o
        84          0          0          0          0        232   dflt_clz.o
       340         12          0          0          0        152   dmul.o
       156          4          0          0          0        140   dnaninf.o
        12          0          0          0          0        116   dretinf.o
       408         56          0          0          0        168   dsqrt_umaal.o
        86          4          0          0          0        132   f2d.o
       140          4          0          0          0        132   fnaninf.o
        10          0          0          0          0        116   fpinit.o
        10          0          0          0          0        116   fretinf.o
         0          0          0          0          0          0   usenofp.o
       280         46          0          0          0        176   acosf.o
       200         20          0          0          0        164   cos.o
       368         46         48          0          0        200   cos_i.o
        84         16          0          0          0        372   dunder.o
        24          0          0          0          0        124   fabs.o
        48          0          0          0          0        124   fpclassify.o
        22          6          0          0          0        232   funder.o
       248          0          0          0          0        152   poly.o
      1080        142        200          0          0        188   rred.o
       200         20          0          0          0        164   sin.o
       304         24         40          0          0        208   sin_i.o
       122          0          0          0          0        148   sqrt.o
       120          0          0          0          0        272   sqrtf.o

    ----------------------------------------------------------------------
      6916        612        288          0        100       6284   Library Totals
        24          0          0          0          4          0   (incl. Padding)

    ----------------------------------------------------------------------

      Code (inc. data)   RO Data    RW Data    ZI Data      Debug   Library Name

       816         48          0          0         96       1264   c_w.l
      2976        244          0          0          0       2496   fz_wm.l
      3100        320        288          0          0       2524   m_wm.l

    ----------------------------------------------------------------------
      6916        612        288          0        100       6284   Library Totals

    ----------------------------------------------------------------------

==============================================================================


      Code (inc. data)   RO Data    RW Data    ZI Data      Debug   

     14518       1142        778         48       1896     399365   Grand Totals
     14518       1142        778         48       1896     399365   ELF Image Totals
     14518       1142        778         48          0          0   ROM Totals

==============================================================================

    Total RO  Size (Code + RO Data)                15296 (  14.94kB)
    Total RW  Size (RW Data + ZI Data)              1944 (   1.90kB)
    Total ROM Size (Code + RO Data + RW Data)      15344 (  14.98kB)

==============================================================================

